Archive member included to satisfy reference by file (symbol)

d:/atollic/truestudio for stm32 9.0.0/armtools/bin/../lib/gcc/arm-atollic-eabi/6.3.1/../../../../arm-atollic-eabi/lib/armv7e-m/fpu\libc_nano.a(lib_a-init.o)
                              src\startup_stm32f40xx.o (__libc_init_array)
d:/atollic/truestudio for stm32 9.0.0/armtools/bin/../lib/gcc/arm-atollic-eabi/6.3.1/../../../../arm-atollic-eabi/lib/armv7e-m/fpu\libc_nano.a(lib_a-ldiv.o)
                              src\BIOS\utils.o (ldiv)
d:/atollic/truestudio for stm32 9.0.0/armtools/bin/../lib/gcc/arm-atollic-eabi/6.3.1/../../../../arm-atollic-eabi/lib/armv7e-m/fpu\libc_nano.a(lib_a-memcpy-stub.o)
                              src\BIOS\utils.o (memcpy)
d:/atollic/truestudio for stm32 9.0.0/armtools/bin/../lib/gcc/arm-atollic-eabi/6.3.1/../../../../arm-atollic-eabi/lib/armv7e-m/fpu\libc_nano.a(lib_a-reent.o)
                              src\syscalls.o (errno)
d:/atollic/truestudio for stm32 9.0.0/armtools/bin/../lib/gcc/arm-atollic-eabi/6.3.1/../../../../arm-atollic-eabi/lib/armv7e-m/fpu\libc_nano.a(lib_a-sscanf.o)
                              src\PSx_Interface\PSx_Interface.o (sscanf)
d:/atollic/truestudio for stm32 9.0.0/armtools/bin/../lib/gcc/arm-atollic-eabi/6.3.1/../../../../arm-atollic-eabi/lib/armv7e-m/fpu\libc_nano.a(lib_a-stdio.o)
                              d:/atollic/truestudio for stm32 9.0.0/armtools/bin/../lib/gcc/arm-atollic-eabi/6.3.1/../../../../arm-atollic-eabi/lib/armv7e-m/fpu\libc_nano.a(lib_a-sscanf.o) (__seofread)
d:/atollic/truestudio for stm32 9.0.0/armtools/bin/../lib/gcc/arm-atollic-eabi/6.3.1/../../../../arm-atollic-eabi/lib/armv7e-m/fpu\libc_nano.a(lib_a-strlen.o)
                              src\tiny_printf.o (strlen)
d:/atollic/truestudio for stm32 9.0.0/armtools/bin/../lib/gcc/arm-atollic-eabi/6.3.1/../../../../arm-atollic-eabi/lib/armv7e-m/fpu\libc_nano.a(lib_a-writer.o)
                              d:/atollic/truestudio for stm32 9.0.0/armtools/bin/../lib/gcc/arm-atollic-eabi/6.3.1/../../../../arm-atollic-eabi/lib/armv7e-m/fpu\libc_nano.a(lib_a-stdio.o) (_write_r)
d:/atollic/truestudio for stm32 9.0.0/armtools/bin/../lib/gcc/arm-atollic-eabi/6.3.1/../../../../arm-atollic-eabi/lib/armv7e-m/fpu\libc_nano.a(lib_a-closer.o)
                              d:/atollic/truestudio for stm32 9.0.0/armtools/bin/../lib/gcc/arm-atollic-eabi/6.3.1/../../../../arm-atollic-eabi/lib/armv7e-m/fpu\libc_nano.a(lib_a-stdio.o) (_close_r)
d:/atollic/truestudio for stm32 9.0.0/armtools/bin/../lib/gcc/arm-atollic-eabi/6.3.1/../../../../arm-atollic-eabi/lib/armv7e-m/fpu\libc_nano.a(lib_a-impure.o)
                              d:/atollic/truestudio for stm32 9.0.0/armtools/bin/../lib/gcc/arm-atollic-eabi/6.3.1/../../../../arm-atollic-eabi/lib/armv7e-m/fpu\libc_nano.a(lib_a-reent.o) (_impure_ptr)
d:/atollic/truestudio for stm32 9.0.0/armtools/bin/../lib/gcc/arm-atollic-eabi/6.3.1/../../../../arm-atollic-eabi/lib/armv7e-m/fpu\libc_nano.a(lib_a-lseekr.o)
                              d:/atollic/truestudio for stm32 9.0.0/armtools/bin/../lib/gcc/arm-atollic-eabi/6.3.1/../../../../arm-atollic-eabi/lib/armv7e-m/fpu\libc_nano.a(lib_a-stdio.o) (_lseek_r)
d:/atollic/truestudio for stm32 9.0.0/armtools/bin/../lib/gcc/arm-atollic-eabi/6.3.1/../../../../arm-atollic-eabi/lib/armv7e-m/fpu\libc_nano.a(lib_a-nano-freer.o)
                              d:/atollic/truestudio for stm32 9.0.0/armtools/bin/../lib/gcc/arm-atollic-eabi/6.3.1/../../../../arm-atollic-eabi/lib/armv7e-m/fpu\libc_nano.a(lib_a-reent.o) (_free_r)
d:/atollic/truestudio for stm32 9.0.0/armtools/bin/../lib/gcc/arm-atollic-eabi/6.3.1/../../../../arm-atollic-eabi/lib/armv7e-m/fpu\libc_nano.a(lib_a-nano-mallocr.o)
                              d:/atollic/truestudio for stm32 9.0.0/armtools/bin/../lib/gcc/arm-atollic-eabi/6.3.1/../../../../arm-atollic-eabi/lib/armv7e-m/fpu\libc_nano.a(lib_a-nano-freer.o) (__malloc_free_list)
d:/atollic/truestudio for stm32 9.0.0/armtools/bin/../lib/gcc/arm-atollic-eabi/6.3.1/../../../../arm-atollic-eabi/lib/armv7e-m/fpu\libc_nano.a(lib_a-nano-svfscanf.o)
                              d:/atollic/truestudio for stm32 9.0.0/armtools/bin/../lib/gcc/arm-atollic-eabi/6.3.1/../../../../arm-atollic-eabi/lib/armv7e-m/fpu\libc_nano.a(lib_a-sscanf.o) (__ssvfscanf_r)
d:/atollic/truestudio for stm32 9.0.0/armtools/bin/../lib/gcc/arm-atollic-eabi/6.3.1/../../../../arm-atollic-eabi/lib/armv7e-m/fpu\libc_nano.a(lib_a-nano-vfscanf_i.o)
                              d:/atollic/truestudio for stm32 9.0.0/armtools/bin/../lib/gcc/arm-atollic-eabi/6.3.1/../../../../arm-atollic-eabi/lib/armv7e-m/fpu\libc_nano.a(lib_a-nano-svfscanf.o) (_scanf_chars)
d:/atollic/truestudio for stm32 9.0.0/armtools/bin/../lib/gcc/arm-atollic-eabi/6.3.1/../../../../arm-atollic-eabi/lib/armv7e-m/fpu\libc_nano.a(lib_a-readr.o)
[...]
Memory Configuration

Name             Origin             Length             Attributes
FLASH            0x08000000         0x00100000         xr
RAM              0x20000000         0x00020000         xrw
MEMORY_B1        0x60000000         0x00000000         xr
CCMRAM           0x10000000         0x00010000         rw
*default*        0x00000000         0xffffffff

Linker script and memory map

LOAD d:/atollic/truestudio for stm32 9.0.0/armtools/bin/../lib/gcc/arm-atollic-eabi/6.3.1/armv7e-m/fpu/crti.o
LOAD d:/atollic/truestudio for stm32 9.0.0/armtools/bin/../lib/gcc/arm-atollic-eabi/6.3.1/armv7e-m/fpu/crtbegin.o
LOAD Libraries\STM32F4xx_StdPeriph_Driver\src\misc.o
LOAD Libraries\STM32F4xx_StdPeriph_Driver\src\stm32f4xx_adc.o
LOAD Libraries\STM32F4xx_StdPeriph_Driver\src\stm32f4xx_can.o
LOAD Libraries\STM32F4xx_StdPeriph_Driver\src\stm32f4xx_crc.o
LOAD Libraries\STM32F4xx_StdPeriph_Driver\src\stm32f4xx_cryp.o
LOAD Libraries\STM32F4xx_StdPeriph_Driver\src\stm32f4xx_cryp_aes.o
LOAD Libraries\STM32F4xx_StdPeriph_Driver\src\stm32f4xx_cryp_des.o
LOAD Libraries\STM32F4xx_StdPeriph_Driver\src\stm32f4xx_cryp_tdes.o
LOAD Libraries\STM32F4xx_StdPeriph_Driver\src\stm32f4xx_dac.o
LOAD Libraries\STM32F4xx_StdPeriph_Driver\src\stm32f4xx_dbgmcu.o
LOAD Libraries\STM32F4xx_StdPeriph_Driver\src\stm32f4xx_dcmi.o
LOAD Libraries\STM32F4xx_StdPeriph_Driver\src\stm32f4xx_dma.o
LOAD Libraries\STM32F4xx_StdPeriph_Driver\src\stm32f4xx_exti.o
LOAD Libraries\STM32F4xx_StdPeriph_Driver\src\stm32f4xx_flash.o
LOAD Libraries\STM32F4xx_StdPeriph_Driver\src\stm32f4xx_fsmc.o
LOAD Libraries\STM32F4xx_StdPeriph_Driver\src\stm32f4xx_gpio.o
LOAD Libraries\STM32F4xx_StdPeriph_Driver\src\stm32f4xx_hash.o
LOAD Libraries\STM32F4xx_StdPeriph_Driver\src\stm32f4xx_hash_md5.o
LOAD Libraries\STM32F4xx_StdPeriph_Driver\src\stm32f4xx_hash_sha1.o
LOAD Libraries\STM32F4xx_StdPeriph_Driver\src\stm32f4xx_i2c.o
LOAD Libraries\STM32F4xx_StdPeriph_Driver\src\stm32f4xx_iwdg.o
LOAD Libraries\STM32F4xx_StdPeriph_Driver\src\stm32f4xx_pwr.o
LOAD Libraries\STM32F4xx_StdPeriph_Driver\src\stm32f4xx_rcc.o
LOAD Libraries\STM32F4xx_StdPeriph_Driver\src\stm32f4xx_rng.o
LOAD Libraries\STM32F4xx_StdPeriph_Driver\src\stm32f4xx_rtc.o
LOAD Libraries\STM32F4xx_StdPeriph_Driver\src\stm32f4xx_sdio.o
LOAD Libraries\STM32F4xx_StdPeriph_Driver\src\stm32f4xx_spi.o
LOAD Libraries\STM32F4xx_StdPeriph_Driver\src\stm32f4xx_syscfg.o
LOAD Libraries\STM32F4xx_StdPeriph_Driver\src\stm32f4xx_tim.o
LOAD Libraries\STM32F4xx_StdPeriph_Driver\src\stm32f4xx_usart.o
LOAD Libraries\STM32F4xx_StdPeriph_Driver\src\stm32f4xx_wwdg.o
LOAD src\BIOS\bdc.o
LOAD src\BIOS\gpio.o
LOAD src\BIOS\multiplexer.o
LOAD src\BIOS\pwm.o
LOAD src\BIOS\qei.o
LOAD src\BIOS\shiftreg.o
LOAD src\BIOS\system.o
LOAD src\BIOS\timer.o
LOAD src\BIOS\uart.o
LOAD src\BIOS\uartdma.o
LOAD src\BIOS\utils.o
LOAD src\CAN\can.o
LOAD src\I2C\i2c.o
LOAD src\I2C\i2c1.o
LOAD src\I2C\i2c2.o
LOAD src\I2C\i2c3.o
LOAD src\MODN\MODN.o
LOAD src\PIDABT\ABT\ABT.o
LOAD src\PIDABT\PID\PID.o
LOAD src\PSx_Interface\PSx_Interface.o
LOAD src\RNS_interface\RNS_interface.o
LOAD src\adapter.o
LOAD src\common.o
LOAD src\interrupt.o
LOAD src\main.o
LOAD src\startup_stm32f40xx.o
LOAD src\syscalls.o
LOAD src\system_stm32f4xx.o
LOAD src\tiny_printf.o
                0x00000080                malloc_getpagesize_P = 0x80
START GROUP
LOAD d:/atollic/truestudio for stm32 9.0.0/armtools/bin/../lib/gcc/arm-atollic-eabi/6.3.1/../../../../arm-atollic-eabi/lib/armv7e-m/fpu\libc_nano.a
LOAD d:/atollic/truestudio for stm32 9.0.0/armtools/bin/../lib/gcc/arm-atollic-eabi/6.3.1/../../../../arm-atollic-eabi/lib/armv7e-m/fpu\libm.a
END GROUP
START GROUP
LOAD d:/atollic/truestudio for stm32 9.0.0/armtools/bin/../lib/gcc/arm-atollic-eabi/6.3.1/armv7e-m/fpu\libgcc.a
LOAD d:/atollic/truestudio for stm32 9.0.0/armtools/bin/../lib/gcc/arm-atollic-eabi/6.3.1/../../../../arm-atollic-eabi/lib/armv7e-m/fpu\libc_nano.a
END GROUP
START GROUP
LOAD d:/atollic/truestudio for stm32 9.0.0/armtools/bin/../lib/gcc/arm-atollic-eabi/6.3.1/armv7e-m/fpu\libgcc.a
LOAD d:/atollic/truestudio for stm32 9.0.0/armtools/bin/../lib/gcc/arm-atollic-eabi/6.3.1/../../../../arm-atollic-eabi/lib/armv7e-m/fpu\libc_nano.a
LOAD d:/atollic/truestudio for stm32 9.0.0/armtools/bin/../lib/gcc/arm-atollic-eabi/6.3.1/../../../../arm-atollic-eabi/lib/armv7e-m/fpu\libnosys.a
END GROUP
START GROUP
LOAD d:/atollic/truestudio for stm32 9.0.0/armtools/bin/../lib/gcc/arm-atollic-eabi/6.3.1/armv7e-m/fpu\libgcc.a
LOAD d:/atollic/truestudio for stm32 9.0.0/armtools/bin/../lib/gcc/arm-atollic-eabi/6.3.1/../../../../arm-atollic-eabi/lib/armv7e-m/fpu\libc_nano.a
LOAD d:/atollic/truestudio for stm32 9.0.0/armtools/bin/../lib/gcc/arm-atollic-eabi/6.3.1/../../../../arm-atollic-eabi/lib/armv7e-m/fpu\libnosys.a
END GROUP
LOAD d:/atollic/truestudio for stm32 9.0.0/armtools/bin/../lib/gcc/arm-atollic-eabi/6.3.1/armv7e-m/fpu/crtend.o
LOAD d:/atollic/truestudio for stm32 9.0.0/armtools/bin/../lib/gcc/arm-atollic-eabi/6.3.1/armv7e-m/fpu/crtn.o
                0x20020000                _estack = 0x20020000
                0x00000000                _Min_Heap_Size = 0x0
                0x00000400                _Min_Stack_Size = 0x400

.isr_vector     0x08000000      0x188
                0x08000000                . = ALIGN (0x4)
 *(.isr_vector)
 .isr_vector    0x08000000      0x188 src\startup_stm32f40xx.o
                0x08000000                g_pfnVectors
                0x08000188                . = ALIGN (0x4)

.text           0x08000188     0x9a20
                0x08000188                . = ALIGN (0x4)
 *(.text)
 .text          0x08000188       0x40 d:/atollic/truestudio for stm32 9.0.0/armtools/bin/../lib/gcc/arm-atollic-eabi/6.3.1/armv7e-m/fpu/crtbegin.o
 .text          0x080001c8      0x370 d:/atollic/truestudio for stm32 9.0.0/armtools/bin/../lib/gcc/arm-atollic-eabi/6.3.1/armv7e-m/fpu\libgcc.a(_arm_addsubdf3.o)
                0x080001c8                __aeabi_drsub
                0x080001d0                __aeabi_dsub
                0x080001d0                __subdf3
                0x080001d4                __aeabi_dadd
                0x080001d4                __adddf3
                0x0800044c                __floatunsidf
                0x0800044c                __aeabi_ui2d
                0x0800046c                __floatsidf
                0x0800046c                __aeabi_i2d
                0x08000490                __aeabi_f2d
                0x08000490                __extendsfdf2
                0x080004cc                __floatundidf
                0x080004cc                __aeabi_ul2d
                0x080004dc                __floatdidf
                0x080004dc                __aeabi_l2d
 .text          0x08000538      0x424 d:/atollic/truestudio for stm32 9.0.0/armtools/bin/../lib/gcc/arm-atollic-eabi/6.3.1/armv7e-m/fpu\libgcc.a(_arm_muldivdf3.o)
                0x08000538                __aeabi_dmul
                0x08000538                __muldf3
                0x0800078c                __divdf3
                0x0800078c                __aeabi_ddiv
 .text          0x0800095c       0xa0 d:/atollic/truestudio for stm32 9.0.0/armtools/bin/../lib/gcc/arm-atollic-eabi/6.3.1/armv7e-m/fpu\libgcc.a(_arm_truncdfsf2.o)
                0x0800095c                __truncdfsf2
                0x0800095c                __aeabi_d2f
 *(.text*)
 .text.NVIC_PriorityGroupConfig
                0x080009fc       0x28 Libraries\STM32F4xx_StdPeriph_Driver\src\misc.o
                0x080009fc                NVIC_PriorityGroupConfig
 .text.NVIC_Init
                0x08000a24       0xc4 Libraries\STM32F4xx_StdPeriph_Driver\src\misc.o
                0x08000a24                NVIC_Init
 .text.CAN_Init
                0x08000ae8      0x1a2 Libraries\STM32F4xx_StdPeriph_Driver\src\stm32f4xx_can.o
                0x08000ae8                CAN_Init
 *fill*         0x08000c8a        0x2 
 .text.CAN_FilterInit
                0x08000c8c      0x178 Libraries\STM32F4xx_StdPeriph_Driver\src\stm32f4xx_can.o
                0x08000c8c                CAN_FilterInit
 .text.CAN_SlaveStartBank
                0x08000e04       0x60 Libraries\STM32F4xx_StdPeriph_Driver\src\stm32f4xx_can.o
                0x08000e04                CAN_SlaveStartBank
 .text.CAN_Transmit
                0x08000e64      0x19c Libraries\STM32F4xx_StdPeriph_Driver\src\stm32f4xx_can.o
                0x08000e64                CAN_Transmit
 .text.CAN_TransmitStatus
                0x08001000       0xd4 Libraries\STM32F4xx_StdPeriph_Driver\src\stm32f4xx_can.o
                0x08001000                CAN_TransmitStatus
 .text.CAN_Receive
                0x080010d4      0x17c Libraries\STM32F4xx_StdPeriph_Driver\src\stm32f4xx_can.o
                0x080010d4                CAN_Receive
 .text.CAN_ITConfig
                0x08001250       0x3c Libraries\STM32F4xx_StdPeriph_Driver\src\stm32f4xx_can.o
                0x08001250                CAN_ITConfig
 .text.CAN_ClearFlag
                0x0800128c       0x74 Libraries\STM32F4xx_StdPeriph_Driver\src\stm32f4xx_can.o
                0x0800128c                CAN_ClearFlag
 .text.CAN_GetITStatus
                0x08001300      0x194 Libraries\STM32F4xx_StdPeriph_Driver\src\stm32f4xx_can.o
                0x08001300                CAN_GetITStatus
 .text.CAN_ClearITPendingBit
                0x08001494       0xe0 Libraries\STM32F4xx_StdPeriph_Driver\src\stm32f4xx_can.o
                0x08001494                CAN_ClearITPendingBit
 .text.CheckITStatus
                0x08001574       0x30 Libraries\STM32F4xx_StdPeriph_Driver\src\stm32f4xx_can.o
 .text.EXTI_GetITStatus
                0x080015a4       0x48 Libraries\STM32F4xx_StdPeriph_Driver\src\stm32f4xx_exti.o
                0x080015a4                EXTI_GetITStatus
 .text.EXTI_ClearITPendingBit
                0x080015ec       0x20 Libraries\STM32F4xx_StdPeriph_Driver\src\stm32f4xx_exti.o
                0x080015ec                EXTI_ClearITPendingBit
 .text.GPIO_Init
                0x0800160c      0x11c Libraries\STM32F4xx_StdPeriph_Driver\src\stm32f4xx_gpio.o
                0x0800160c                GPIO_Init
 .text.GPIO_ReadInputDataBit
                0x08001728       0x34 Libraries\STM32F4xx_StdPeriph_Driver\src\stm32f4xx_gpio.o
                0x08001728                GPIO_ReadInputDataBit
 .text.GPIO_SetBits
                0x0800175c       0x1e Libraries\STM32F4xx_StdPeriph_Driver\src\stm32f4xx_gpio.o
                0x0800175c                GPIO_SetBits
 .text.GPIO_WriteBit
                0x0800177a       0x30 Libraries\STM32F4xx_StdPeriph_Driver\src\stm32f4xx_gpio.o
                0x0800177a                GPIO_WriteBit
 .text.GPIO_PinAFConfig
                0x080017aa       0x92 Libraries\STM32F4xx_StdPeriph_Driver\src\stm32f4xx_gpio.o
                0x080017aa                GPIO_PinAFConfig
 .text.I2C_DeInit
                0x0800183c       0x74 Libraries\STM32F4xx_StdPeriph_Driver\src\stm32f4xx_i2c.o
                0x0800183c                I2C_DeInit
 .text.I2C_Init
                0x080018b0      0x184 Libraries\STM32F4xx_StdPeriph_Driver\src\stm32f4xx_i2c.o
                0x080018b0                I2C_Init
 .text.I2C_Cmd  0x08001a34       0x40 Libraries\STM32F4xx_StdPeriph_Driver\src\stm32f4xx_i2c.o
                0x08001a34                I2C_Cmd
 .text.I2C_GenerateSTART
                0x08001a74       0x40 Libraries\STM32F4xx_StdPeriph_Driver\src\stm32f4xx_i2c.o
                0x08001a74                I2C_GenerateSTART
 .text.I2C_GenerateSTOP
                0x08001ab4       0x40 Libraries\STM32F4xx_StdPeriph_Driver\src\stm32f4xx_i2c.o
                0x08001ab4                I2C_GenerateSTOP
 .text.I2C_Send7bitAddress
                0x08001af4       0x3c Libraries\STM32F4xx_StdPeriph_Driver\src\stm32f4xx_i2c.o
                0x08001af4                I2C_Send7bitAddress
 .text.I2C_AcknowledgeConfig
                0x08001b30       0x40 Libraries\STM32F4xx_StdPeriph_Driver\src\stm32f4xx_i2c.o
                0x08001b30                I2C_AcknowledgeConfig
 .text.I2C_StretchClockCmd
                0x08001b70       0x40 Libraries\STM32F4xx_StdPeriph_Driver\src\stm32f4xx_i2c.o
                0x08001b70                I2C_StretchClockCmd
 .text.I2C_SendData
                0x08001bb0       0x20 Libraries\STM32F4xx_StdPeriph_Driver\src\stm32f4xx_i2c.o
                0x08001bb0                I2C_SendData
 .text.I2C_ReceiveData
                0x08001bd0       0x1c Libraries\STM32F4xx_StdPeriph_Driver\src\stm32f4xx_i2c.o
                0x08001bd0                I2C_ReceiveData
 .text.I2C_ITConfig
                0x08001bec       0x48 Libraries\STM32F4xx_StdPeriph_Driver\src\stm32f4xx_i2c.o
                0x08001bec                I2C_ITConfig
 .text.I2C_CheckEvent
                0x08001c34       0x60 Libraries\STM32F4xx_StdPeriph_Driver\src\stm32f4xx_i2c.o
                0x08001c34                I2C_CheckEvent
 .text.I2C_GetLastEvent
                0x08001c94       0x44 Libraries\STM32F4xx_StdPeriph_Driver\src\stm32f4xx_i2c.o
                0x08001c94                I2C_GetLastEvent
 .text.I2C_GetFlagStatus
                0x08001cd8       0x66 Libraries\STM32F4xx_StdPeriph_Driver\src\stm32f4xx_i2c.o
                0x08001cd8                I2C_GetFlagStatus
 .text.I2C_ClearFlag
                0x08001d3e       0x2e Libraries\STM32F4xx_StdPeriph_Driver\src\stm32f4xx_i2c.o
                0x08001d3e                I2C_ClearFlag
 .text.RCC_GetClocksFreq
                0x08001d6c      0x150 Libraries\STM32F4xx_StdPeriph_Driver\src\stm32f4xx_rcc.o
                0x08001d6c                RCC_GetClocksFreq
 .text.RCC_AHB1PeriphClockCmd
                0x08001ebc       0x40 Libraries\STM32F4xx_StdPeriph_Driver\src\stm32f4xx_rcc.o
                0x08001ebc                RCC_AHB1PeriphClockCmd
 .text.RCC_APB1PeriphClockCmd
                0x08001efc       0x40 Libraries\STM32F4xx_StdPeriph_Driver\src\stm32f4xx_rcc.o
                0x08001efc                RCC_APB1PeriphClockCmd
 .text.RCC_APB2PeriphClockCmd
                0x08001f3c       0x40 Libraries\STM32F4xx_StdPeriph_Driver\src\stm32f4xx_rcc.o
                0x08001f3c                RCC_APB2PeriphClockCmd
 .text.RCC_APB1PeriphResetCmd
                0x08001f7c       0x40 Libraries\STM32F4xx_StdPeriph_Driver\src\stm32f4xx_rcc.o
                0x08001f7c                RCC_APB1PeriphResetCmd
 .text.TIM_TimeBaseInit
                0x08001fbc       0xd8 Libraries\STM32F4xx_StdPeriph_Driver\src\stm32f4xx_tim.o
                0x08001fbc                TIM_TimeBaseInit
 .text.TIM_ARRPreloadConfig
                0x08002094       0x40 Libraries\STM32F4xx_StdPeriph_Driver\src\stm32f4xx_tim.o
                0x08002094                TIM_ARRPreloadConfig
 .text.TIM_Cmd  0x080020d4       0x40 Libraries\STM32F4xx_StdPeriph_Driver\src\stm32f4xx_tim.o
                0x080020d4                TIM_Cmd
 .text.TIM_OC1Init
                0x08002114       0xf4 Libraries\STM32F4xx_StdPeriph_Driver\src\stm32f4xx_tim.o
                0x08002114                TIM_OC1Init
 .text.TIM_OC2Init
                0x08002208      0x110 Libraries\STM32F4xx_StdPeriph_Driver\src\stm32f4xx_tim.o
                0x08002208                TIM_OC2Init
 .text.TIM_OC3Init
                0x08002318      0x10c Libraries\STM32F4xx_StdPeriph_Driver\src\stm32f4xx_tim.o
                0x08002318                TIM_OC3Init
 .text.TIM_OC4Init
                0x08002424       0xd0 Libraries\STM32F4xx_StdPeriph_Driver\src\stm32f4xx_tim.o
                0x08002424                TIM_OC4Init
 .text.TIM_OC1PreloadConfig
                0x080024f4       0x38 Libraries\STM32F4xx_StdPeriph_Driver\src\stm32f4xx_tim.o
                0x080024f4                TIM_OC1PreloadConfig
 .text.TIM_OC2PreloadConfig
                0x0800252c       0x3c Libraries\STM32F4xx_StdPeriph_Driver\src\stm32f4xx_tim.o
                0x0800252c                TIM_OC2PreloadConfig
 .text.TIM_OC3PreloadConfig
                0x08002568       0x38 Libraries\STM32F4xx_StdPeriph_Driver\src\stm32f4xx_tim.o
                0x08002568                TIM_OC3PreloadConfig
 .text.TIM_OC4PreloadConfig
                0x080025a0       0x3c Libraries\STM32F4xx_StdPeriph_Driver\src\stm32f4xx_tim.o
                0x080025a0                TIM_OC4PreloadConfig
 .text.TIM_CtrlPWMOutputs
                0x080025dc       0x4c Libraries\STM32F4xx_StdPeriph_Driver\src\stm32f4xx_tim.o
                0x080025dc                TIM_CtrlPWMOutputs
 .text.TIM_ITConfig
                0x08002628       0x48 Libraries\STM32F4xx_StdPeriph_Driver\src\stm32f4xx_tim.o
                0x08002628                TIM_ITConfig
 .text.TIM_GetITStatus
                0x08002670       0x54 Libraries\STM32F4xx_StdPeriph_Driver\src\stm32f4xx_tim.o
                0x08002670                TIM_GetITStatus
 .text.TIM_ClearITPendingBit
                0x080026c4       0x22 Libraries\STM32F4xx_StdPeriph_Driver\src\stm32f4xx_tim.o
                0x080026c4                TIM_ClearITPendingBit
 .text.TIM_EncoderInterfaceConfig
                0x080026e6       0x98 Libraries\STM32F4xx_StdPeriph_Driver\src\stm32f4xx_tim.o
                0x080026e6                TIM_EncoderInterfaceConfig
 *fill*         0x0800277e        0x2 
 .text.USART_Init
                0x08002780      0x174 Libraries\STM32F4xx_StdPeriph_Driver\src\stm32f4xx_usart.o
                0x08002780                USART_Init
 .text.USART_Cmd
                0x080028f4       0x40 Libraries\STM32F4xx_StdPeriph_Driver\src\stm32f4xx_usart.o
                0x080028f4                USART_Cmd
 .text.USART_SendData
                0x08002934       0x24 Libraries\STM32F4xx_StdPeriph_Driver\src\stm32f4xx_usart.o
                0x08002934                USART_SendData
 .text.USART_ITConfig
                0x08002958       0x90 Libraries\STM32F4xx_StdPeriph_Driver\src\stm32f4xx_usart.o
                0x08002958                USART_ITConfig
 .text.BDCInit  0x080029e8       0xca src\BIOS\bdc.o
                0x080029e8                BDCInit
 *fill*         0x08002ab2        0x2 
 .text.GPIOPinsInit
                0x08002ab4      0x120 src\BIOS\gpio.o
                0x08002ab4                GPIOPinsInit
 .text.MUXInit  0x08002bd4       0xa8 src\BIOS\multiplexer.o
                0x08002bd4                MUXInit
 .text.MUXSelect
                0x08002c7c       0xc4 src\BIOS\multiplexer.o
                0x08002c7c                MUXSelect
 .text.MUXUpdate
                0x08002d40      0x174 src\BIOS\multiplexer.o
                0x08002d40                MUXUpdate
 .text.PWMTimeBaseInit
                0x08002eb4      0x154 src\BIOS\pwm.o
                0x08002eb4                PWMTimeBaseInit
 .text.PWMChannelConfig
                0x08003008      0xffc src\BIOS\pwm.o
                0x08003008                PWMChannelConfig
 .text.QEIInit  0x08004004       0xd8 src\BIOS\qei.o
                0x08004004                QEIInit
 .text.QEIDelay
                0x080040dc       0x36 src\BIOS\qei.o
                0x080040dc                QEIDelay
 *fill*         0x08004112        0x2 
 .text.QEI1Init
                0x08004114      0x32c src\BIOS\qei.o
                0x08004114                QEI1Init
 .text.QEI2Init
                0x08004440      0x334 src\BIOS\qei.o
                0x08004440                QEI2Init
 .text.QEI3Init
                0x08004774      0x32c src\BIOS\qei.o
                0x08004774                QEI3Init
 .text.QEI4Init
                0x08004aa0      0x32c src\BIOS\qei.o
                0x08004aa0                QEI4Init
 .text.QEI5Init
                0x08004dcc      0x32c src\BIOS\qei.o
                0x08004dcc                QEI5Init
 .text.QEI6Init
                0x080050f8      0x32c src\BIOS\qei.o
                0x080050f8                QEI6Init
 .text.SHIFTREGInit
                0x08005424       0x8e src\BIOS\shiftreg.o
                0x08005424                SHIFTREGInit
 .text.SHIFTREGShift
                0x080054b2       0xce src\BIOS\shiftreg.o
                0x080054b2                SHIFTREGShift
 .text.NVIC_SetPriority
                0x08005580       0x54 src\BIOS\system.o
 .text.SysTick_Config
                0x080055d4       0x44 src\BIOS\system.o
 .text.BIOSInit
                0x08005618       0x38 src\BIOS\system.o
                0x08005618                BIOSInit
 .text.BIOSDelay
                0x08005650       0x28 src\BIOS\system.o
                0x08005650                BIOSDelay
 .text.BIOSTimingDelay_Decrement
                0x08005678       0x24 src\BIOS\system.o
                0x08005678                BIOSTimingDelay_Decrement
 .text.BIOSTIMx_Init
                0x0800569c      0x218 src\BIOS\timer.o
                0x0800569c                BIOSTIMx_Init
 .text.UART2Init
                0x080058b4      0x324 src\BIOS\uart.o
                0x080058b4                UART2Init
 .text.UART3Init
                0x08005bd8      0x324 src\BIOS\uart.o
                0x08005bd8                UART3Init
 .text.UART4Init
                0x08005efc      0x324 src\BIOS\uart.o
                0x08005efc                UART4Init
 .text.UART5Init
                0x08006220      0x324 src\BIOS\uart.o
                0x08006220                UART5Init
 .text.UARTPrintString
                0x08006544       0x44 src\BIOS\uart.o
                0x08006544                UARTPrintString
 .text.CANx_Init
                0x08006588      0x694 src\CAN\can.o
                0x08006588                CANx_Init
 .text.CAN_TxMsg
                0x08006c1c       0xa0 src\CAN\can.o
                0x08006c1c                CAN_TxMsg
 .text.I2CMasterReadII
                0x08006cbc      0x11c src\I2C\i2c.o
                0x08006cbc                I2CMasterReadII
 .text.I2CTimeoutCallback
                0x08006dd8       0x6c src\I2C\i2c.o
                0x08006dd8                I2CTimeoutCallback
 .text.I2C1_EV_IRQHandler
                0x08006e44      0x2e4 src\I2C\i2c1.o
                0x08006e44                I2C1_EV_IRQHandler
 .text.I2C1_ER_IRQHandler
                0x08007128       0xb8 src\I2C\i2c1.o
                0x08007128                I2C1_ER_IRQHandler
 .text.I2C2_EV_IRQHandler
                0x080071e0      0x2e4 src\I2C\i2c2.o
                0x080071e0                I2C2_EV_IRQHandler
 .text.I2C2_ER_IRQHandler
                0x080074c4       0xb8 src\I2C\i2c2.o
                0x080074c4                I2C2_ER_IRQHandler
 .text.I2C3Init
                0x0800757c      0x164 src\I2C\i2c3.o
                0x0800757c                I2C3Init
 .text.I2C3_EV_IRQHandler
                0x080076e0      0x2e4 src\I2C\i2c3.o
                0x080076e0                I2C3_EV_IRQHandler
 .text.I2C3_ER_IRQHandler
                0x080079c4       0xc0 src\I2C\i2c3.o
                0x080079c4                I2C3_ER_IRQHandler
 .text.MODNRobotBaseInit
                0x08007a84       0x34 src\MODN\MODN.o
                0x08007a84                MODNRobotBaseInit
 .text.MODNRobotVelInit
                0x08007ab8       0x2c src\MODN\MODN.o
                0x08007ab8                MODNRobotVelInit
 .text.MODNWheelVelInit
                0x08007ae4       0x32 src\MODN\MODN.o
                0x08007ae4                MODNWheelVelInit
 *fill*         0x08007b16        0x2 
 .text.MODN     0x08007b18      0x520 src\MODN\MODN.o
                0x08007b18                MODN
 .text.PSx_HandlerI2C
                0x08008038       0x70 src\PSx_Interface\PSx_Interface.o
                0x08008038                PSx_HandlerI2C
 .text.PSxBTGetXY
                0x080080a8      0x594 src\PSx_Interface\PSx_Interface.o
                0x080080a8                PSxBTGetXY
 .text.RNSInit  0x0800863c       0x60 src\RNS_interface\RNS_interface.o
                0x0800863c                RNSInit
 .text.RNSSet   0x0800869c      0x200 src\RNS_interface\RNS_interface.o
                0x0800869c                RNSSet
 .text.Initialize
                0x0800889c      0x55c src\adapter.o
                0x0800889c                Initialize
 .text.slave_rcv
                0x08008df8       0x20 src\adapter.o
                0x08008df8                slave_rcv
 .text.PS4_rcv  0x08008e18       0x24 src\adapter.o
                0x08008e18                PS4_rcv
 .text.CAN1_RX0_IRQHandler
                0x08008e3c      0x130 src\adapter.o
                0x08008e3c                CAN1_RX0_IRQHandler
 .text.CAN2_RX1_IRQHandler
                0x08008f6c      0x130 src\adapter.o
                0x08008f6c                CAN2_RX1_IRQHandler
 .text.CAN_PROCESS
                0x0800909c       0x7c src\adapter.o
                0x0800909c                CAN_PROCESS
 .text.RNS_config
                0x08009118      0x260 src\common.o
                0x08009118                RNS_config
 .text.manual_mode
                0x08009378      0x140 src\common.o
                0x08009378                manual_mode
 .text.var_init
                0x080094b8       0x74 src\common.o
                0x080094b8                var_init
 .text.SysTick_Handler
                0x0800952c       0x20 src\interrupt.o
                0x0800952c                SysTick_Handler
 .text.TIM1_UP_TIM10_IRQHandler
                0x0800954c       0x74 src\interrupt.o
                0x0800954c                TIM1_UP_TIM10_IRQHandler
 .text.TIM2_IRQHandler
                0x080095c0       0x24 src\interrupt.o
                0x080095c0                TIM2_IRQHandler
 .text.TIM3_IRQHandler
                0x080095e4       0x24 src\interrupt.o
                0x080095e4                TIM3_IRQHandler
 .text.TIM4_IRQHandler
                0x08009608       0x58 src\interrupt.o
                0x08009608                TIM4_IRQHandler
 .text.TIM5_IRQHandler
                0x08009660       0x24 src\interrupt.o
                0x08009660                TIM5_IRQHandler
 .text.TIM7_IRQHandler
                0x08009684       0x24 src\interrupt.o
                0x08009684                TIM7_IRQHandler
 .text.TIM8_UP_TIM13_IRQHandler
                0x080096a8       0x74 src\interrupt.o
                0x080096a8                TIM8_UP_TIM13_IRQHandler
 .text.TIM1_BRK_TIM9_IRQHandler
                0x0800971c       0x24 src\interrupt.o
                0x0800971c                TIM1_BRK_TIM9_IRQHandler
 .text.TIM1_TRG_COM_TIM11_IRQHandler
                0x08009740       0x24 src\interrupt.o
                0x08009740                TIM1_TRG_COM_TIM11_IRQHandler
 .text.TIM8_BRK_TIM12_IRQHandler
                0x08009764       0x24 src\interrupt.o
                0x08009764                TIM8_BRK_TIM12_IRQHandler
 .text.TIM8_TRG_COM_TIM14_IRQHandler
                0x08009788       0x24 src\interrupt.o
                0x08009788                TIM8_TRG_COM_TIM14_IRQHandler
 .text.EXTI15_10_IRQHandler
                0x080097ac       0x1e src\interrupt.o
                0x080097ac                EXTI15_10_IRQHandler
 *fill*         0x080097ca        0x2 
 .text.main     0x080097cc       0x54 src\main.o
                0x080097cc                main
 .text.TIM6_DAC_IRQHandler
                0x08009820       0x60 src\main.o
                0x08009820                TIM6_DAC_IRQHandler
 .text.Reset_Handler
                0x08009880       0x50 src\startup_stm32f40xx.o
                0x08009880                Reset_Handler
 .text.Default_Handler
                0x080098d0        0x2 src\startup_stm32f40xx.o
                0x080098d0                RTC_Alarm_IRQHandler
                0x080098d0                HASH_RNG_IRQHandler
                0x080098d0                EXTI2_IRQHandler
                0x080098d0                TIM8_CC_IRQHandler
                0x080098d0                DebugMon_Handler
                0x080098d0                TIM1_CC_IRQHandler
                0x080098d0                DMA2_Stream5_IRQHandler
                0x080098d0                HardFault_Handler
                0x080098d0                DMA1_Stream5_IRQHandler
                0x080098d0                PVD_IRQHandler
                0x080098d0                SDIO_IRQHandler
                0x080098d0                TAMP_STAMP_IRQHandler
                0x080098d0                PendSV_Handler
                0x080098d0                NMI_Handler
                0x080098d0                EXTI3_IRQHandler
                0x080098d0                EXTI0_IRQHandler
                0x080098d0                DMA1_Stream2_IRQHandler
                0x080098d0                FPU_IRQHandler
                0x080098d0                OTG_HS_WKUP_IRQHandler
                0x080098d0                UsageFault_Handler
                0x080098d0                CAN2_SCE_IRQHandler
                0x080098d0                DMA2_Stream2_IRQHandler
                0x080098d0                SPI1_IRQHandler
                0x080098d0                DCMI_IRQHandler
                0x080098d0                CAN2_RX0_IRQHandler
                0x080098d0                DMA2_Stream3_IRQHandler
                0x080098d0                USART6_IRQHandler
                0x080098d0                USART3_IRQHandler
                0x080098d0                CRYP_IRQHandler
                0x080098d0                CAN1_RX1_IRQHandler
                0x080098d0                UART5_IRQHandler
                0x080098d0                DMA2_Stream0_IRQHandler
                0x080098d0                DMA1_Stream6_IRQHandler
                0x080098d0                DMA1_Stream1_IRQHandler
                0x080098d0                UART4_IRQHandler
                0x080098d0                RCC_IRQHandler
                0x080098d0                Default_Handler
                0x080098d0                ADC_IRQHandler
                0x080098d0                DMA1_Stream7_IRQHandler
                0x080098d0                CAN2_TX_IRQHandler
                0x080098d0                DMA2_Stream7_IRQHandler
                0x080098d0                EXTI9_5_IRQHandler
                0x080098d0                RTC_WKUP_IRQHandler
                0x080098d0                ETH_WKUP_IRQHandler
                0x080098d0                SPI2_IRQHandler
                0x080098d0                OTG_HS_EP1_IN_IRQHandler
                0x080098d0                MemManage_Handler
                0x080098d0                DMA1_Stream0_IRQHandler
                0x080098d0                CAN1_TX_IRQHandler
                0x080098d0                SVC_Handler
                0x080098d0                EXTI4_IRQHandler
                0x080098d0                FSMC_IRQHandler
                0x080098d0                ETH_IRQHandler
                0x080098d0                OTG_HS_EP1_OUT_IRQHandler
                0x080098d0                WWDG_IRQHandler
                0x080098d0                OTG_FS_WKUP_IRQHandler
                0x080098d0                OTG_HS_IRQHandler
                0x080098d0                EXTI1_IRQHandler
                0x080098d0                USART2_IRQHandler
                0x080098d0                DMA2_Stream1_IRQHandler
                0x080098d0                CAN1_SCE_IRQHandler
                0x080098d0                FLASH_IRQHandler
                0x080098d0                DMA2_Stream4_IRQHandler
                0x080098d0                BusFault_Handler
                0x080098d0                USART1_IRQHandler
                0x080098d0                OTG_FS_IRQHandler
                0x080098d0                SPI3_IRQHandler
                0x080098d0                DMA1_Stream4_IRQHandler
                0x080098d0                DMA2_Stream6_IRQHandler
                0x080098d0                DMA1_Stream3_IRQHandler
 *fill*         0x080098d2        0x2 
 .text.SystemInit
                0x080098d4       0x6c src\system_stm32f4xx.o
                0x080098d4                SystemInit
 .text.SystemCoreClockUpdate
                0x08009940       0xf8 src\system_stm32f4xx.o
                0x08009940                SystemCoreClockUpdate
 .text.SetSysClock
                0x08009a38       0xf8 src\system_stm32f4xx.o
 .text.__libc_init_array
                0x08009b30       0x48 d:/atollic/truestudio for stm32 9.0.0/armtools/bin/../lib/gcc/arm-atollic-eabi/6.3.1/../../../../arm-atollic-eabi/lib/armv7e-m/fpu\libc_nano.a(lib_a-init.o)
                0x08009b30                __libc_init_array
 .text.memcpy   0x08009b78       0x16 d:/atollic/truestudio for stm32 9.0.0/armtools/bin/../lib/gcc/arm-atollic-eabi/6.3.1/../../../../arm-atollic-eabi/lib/armv7e-m/fpu\libc_nano.a(lib_a-memcpy-stub.o)
                0x08009b78                memcpy
 *(.glue_7)
 .glue_7        0x08009b8e        0x0 linker stubs
 *(.glue_7t)
 .glue_7t       0x08009b8e        0x0 linker stubs
 *(.eh_frame)
 *fill*         0x08009b8e        0x2 
 .eh_frame      0x08009b90        0x0 d:/atollic/truestudio for stm32 9.0.0/armtools/bin/../lib/gcc/arm-atollic-eabi/6.3.1/armv7e-m/fpu/crtbegin.o
 *(.init)
 .init          0x08009b90        0x4 d:/atollic/truestudio for stm32 9.0.0/armtools/bin/../lib/gcc/arm-atollic-eabi/6.3.1/armv7e-m/fpu/crti.o
                0x08009b90                _init
 .init          0x08009b94        0x8 d:/atollic/truestudio for stm32 9.0.0/armtools/bin/../lib/gcc/arm-atollic-eabi/6.3.1/armv7e-m/fpu/crtn.o
 *(.fini)
 .fini          0x08009b9c        0x4 d:/atollic/truestudio for stm32 9.0.0/armtools/bin/../lib/gcc/arm-atollic-eabi/6.3.1/armv7e-m/fpu/crti.o
                0x08009b9c                _fini
 .fini          0x08009ba0        0x8 d:/atollic/truestudio for stm32 9.0.0/armtools/bin/../lib/gcc/arm-atollic-eabi/6.3.1/armv7e-m/fpu/crtn.o
                0x08009ba8                . = ALIGN (0x4)
                0x08009ba8                _etext = .

.vfp11_veneer   0x08009ba8        0x0
 .vfp11_veneer  0x08009ba8        0x0 linker stubs

.v4_bx          0x08009ba8        0x0
 .v4_bx         0x08009ba8        0x0 linker stubs

.iplt           0x08009ba8        0x0
 .iplt          0x08009ba8        0x0 d:/atollic/truestudio for stm32 9.0.0/armtools/bin/../lib/gcc/arm-atollic-eabi/6.3.1/armv7e-m/fpu/crtbegin.o

.rodata         0x08009ba8        0x4
                0x08009ba8                . = ALIGN (0x4)
 *(.rodata)
 .rodata        0x08009ba8        0x4 src\RNS_interface\RNS_interface.o
 *(.rodata*)
                0x08009bac                . = ALIGN (0x4)

.rel.dyn        0x08009bac        0x0
 .rel.iplt      0x08009bac        0x0 d:/atollic/truestudio for stm32 9.0.0/armtools/bin/../lib/gcc/arm-atollic-eabi/6.3.1/armv7e-m/fpu/crtbegin.o

.ARM.extab
 *(.ARM.extab* .gnu.linkonce.armextab.*)

.ARM            0x08009bac        0x0
                0x08009bac                __exidx_start = .
 *(.ARM.exidx*)
                0x08009bac                __exidx_end = .

.preinit_array  0x08009bac        0x0
                0x08009bac                PROVIDE (__preinit_array_start, .)
 *(.preinit_array*)
                0x08009bac                PROVIDE (__preinit_array_end, .)

.init_array     0x08009bac        0x4
                0x08009bac                PROVIDE (__init_array_start, .)
 *(SORT(.init_array.*))
 *(.init_array*)
 .init_array    0x08009bac        0x4 d:/atollic/truestudio for stm32 9.0.0/armtools/bin/../lib/gcc/arm-atollic-eabi/6.3.1/armv7e-m/fpu/crtbegin.o
                0x08009bb0                PROVIDE (__init_array_end, .)

.fini_array     0x08009bb0        0x4
                [!provide]                PROVIDE (__fini_array_start, .)
 *(SORT(.fini_array.*))
 *(.fini_array*)
 .fini_array    0x08009bb0        0x4 d:/atollic/truestudio for stm32 9.0.0/armtools/bin/../lib/gcc/arm-atollic-eabi/6.3.1/armv7e-m/fpu/crtbegin.o
                [!provide]                PROVIDE (__fini_array_end, .)
                0x08009bb4                _sidata = LOADADDR (.data)

.data           0x20000000       0x24 load address 0x08009bb4
                0x20000000                . = ALIGN (0x4)
                0x20000000                _sdata = .
 *(.data)
 *(.data*)
 .data.APBAHBPrescTable
                0x20000000       0x10 Libraries\STM32F4xx_StdPeriph_Driver\src\stm32f4xx_rcc.o
 .data.SystemCoreClock
                0x20000010        0x4 src\system_stm32f4xx.o
                0x20000010                SystemCoreClock
 .data.AHBPrescTable
                0x20000014       0x10 src\system_stm32f4xx.o
                0x20000014                AHBPrescTable
                0x20000024                . = ALIGN (0x4)
                0x20000024                _edata = .
                0x08009bd8                _siccmram = LOADADDR (.ccmram)

.igot.plt       0x20000024        0x0 load address 0x08009bd8
 .igot.plt      0x20000024        0x0 d:/atollic/truestudio for stm32 9.0.0/armtools/bin/../lib/gcc/arm-atollic-eabi/6.3.1/armv7e-m/fpu/crtbegin.o

.ccmram         0x10000000        0x0 load address 0x08009bd8
                0x10000000                . = ALIGN (0x4)
                0x10000000                _sccmram = .
 *(.ccmram)
 *(.ccmram*)
                0x10000000                . = ALIGN (0x4)
                0x10000000                _eccmram = .
                0x10000000                . = ALIGN (0x4)

.bss            0x20000024     0x13b4
                0x20000024                _sbss = .
                0x20000024                __bss_start__ = _sbss
 *(.bss)
 .bss           0x20000024       0x1c d:/atollic/truestudio for stm32 9.0.0/armtools/bin/../lib/gcc/arm-atollic-eabi/6.3.1/armv7e-m/fpu/crtbegin.o
 *(.bss*)
 .bss.buf2_flag
                0x20000040        0x1 src\adapter.o
                0x20000040                buf2_flag
 *(COMMON)
 *fill*         0x20000041        0x3 
 COMMON         0x20000044       0xde src\BIOS\bdc.o
                0x20000044                BIOS_RCC_Clocks
                0x20000054                BIOS_TIM_TimeBaseStructure
                0x20000060                BIOS_NVIC_InitStructure
                0x20000064                BIOS_GPIO_InitStructure
                0x2000006c                CAN_InitStructure
                0x20000078                BIOS_DMA_InitStructure
                0x200000b4                BIOSTimingDelay
                0x200000b8                I2C_InitStructure
                0x200000c8                CAN_FilterInitStructure
                0x200000d8                BIOS_TIM_OCInitStructure
                0x200000ec                BIOS_USART_InitStructure
                0x200000fc                SPI_InitStructure
                0x20000110                BIOS_EXTI_InitStructure
                0x20000118                BIOS_TIM_ICInitStructure
 *fill*         0x20000122        0x2 
 COMMON         0x20000124       0x94 src\BIOS\qei.o
                0x20000124                BIOS_QEI3
                0x20000128                BIOS_QEI1
                0x2000012c                BIOS_QEI4_TIM_TimeBaseStructure
                0x20000138                BIOS_QEI2
                0x2000013c                BIOS_QEI1_TIM_TimeBaseStructure
                0x20000148                BIOS_QEI1_NVIC_InitStructure
                0x2000014c                BIOS_QEI6_TIM_TimeBaseStructure
                0x20000158                BIOS_UART_NVIC_InitStructure
                0x2000015c                BIOS_QEI3_NVIC_InitStructure
                0x20000160                qei
                0x20000178                BIOS_QEI4_NVIC_InitStructure
                0x2000017c                BIOS_QEI5_NVIC_InitStructure
                0x20000180                BIOS_QEI5
                0x20000184                BIOS_QEI4
                0x20000188                BIOS_QEI6_NVIC_InitStructure
                0x2000018c                BIOS_QEI6
                0x20000190                BIOS_QEI2_TIM_TimeBaseStructure
                0x2000019c                BIOS_QEI5_TIM_TimeBaseStructure
                0x200001a8                BIOS_QEI2_NVIC_InitStructure
                0x200001ac                BIOS_QEI3_TIM_TimeBaseStructure
 COMMON         0x200001b8       0x46 src\CAN\can.o
                0x200001b8                CAN_NVIC_InitStructure
                0x200001bc                CAN1_RxMessage
                0x200001d0                CAN2_RxMessage
                0x200001e4                CAN_InitStruct
                0x200001f0                CAN_FilterInitStruct
 *fill*         0x200001fe        0x2 
 COMMON         0x20000200      0xcad src\I2C\i2c.o
                0x20000200                I2C1_Master_Flag
                0x20000204                I2C3_InitStructure
                0x20000214                I2C3_slave_snd_buf
                0x20000314                stranshandlerI2C1
                0x20000318                I2C1_slave_snd_buf
                0x20000418                I2C3_Rxlength
                0x2000041c                I2C3_NVIC_InitStructure
                0x20000420                I2C3_direction
                0x20000421                I2C2rxlen
                0x20000422                i2c3ErrorCount
                0x20000424                I2C2_GPIO_InitStructure
                0x2000042c                I2C2_master_snd_buf
                0x2000052c                stranshandlerI2C2
                0x20000530                srcvhandlerI2C3
                0x20000534                I2C3_master_rcv_buf
                0x20000634                mrcvhandlerI2C3
                0x20000638                I2C1slaveadress
                0x2000063c                I2C3_GPIO_InitStructure
                0x20000644                I2C1_direction
                0x20000648                I2C2_slave_rcv_buf
                0x20000748                I2C3_slave_rcv_buf
                0x20000848                i2c1ErrorCount
                0x2000084a                I2C3rxlen
                0x2000084c                I2C1_master_snd_buf
                0x2000094c                I2C2txlen
                0x20000950                I2C1_NVIC_InitStructure
                0x20000954                I2C1_slave_rcv_buf
                0x20000a54                I2C1_GPIO_InitStructure
                0x20000a5c                I2C3slaveadress
                0x20000a5d                I2C1txlen
                0x20000a5e                I2C3_Txlength
                0x20000a60                srcvhandlerI2C1
                0x20000a64                I2C3txlen
                0x20000a68                I2C1_InitStructure
                0x20000a78                I2C3_Master_Flag
                0x20000a79                I2C2_direction
                0x20000a7a                I2C2slaveadress
                0x20000a7c                mrcvhandlerI2C2
                0x20000a80                I2C2_InitStructure
                0x20000a90                I2C2_master_rcv_buf
                0x20000b90                I2C1rxlen
                0x20000b92                i2c2ErrorCount
                0x20000b94                stranshandlerI2C3
                0x20000b98                I2C1_master_rcv_buf
                0x20000c98                I2C2_Rxlength
                0x20000c99                I2C2_Master_Flag
                0x20000c9c                I2C2_slave_snd_buf
                0x20000d9c                I2C2_Txlength
                0x20000d9d                I2C1_Txlength
                0x20000da0                mrcvhandlerI2C1
                0x20000da4                srcvhandlerI2C2
                0x20000da8                I2C2_NVIC_InitStructure
                0x20000dac                I2C3_master_snd_buf
                0x20000eac                I2C1_Rxlength
 *fill*         0x20000ead        0x3 
 COMMON         0x20000eb0       0x18 src\RNS_interface\RNS_interface.o
                0x20000eb0                insData_send
                0x20000eb4                canRx_buf
 COMMON         0x20000ec8      0x510 src\adapter.o
                0x20000ec8                xpos
                0x20000ecc                insData_receive
                0x20000ed0                BDC3
                0x20000ef0                v1
                0x20000ef4                flag
                0x20000ef8                sys
                0x20000efc                BDC8
                0x20000f1c                v3
                0x20000f20                BDC2
                0x20000f40                z
                0x20000f44                rns
                0x20000fb0                uartbuff
                0x200011a4                SR
                0x200011d4                MUX
                0x200011fc                filter
                0x2000121c                yr
                0x20001220                xr
                0x20001224                BDC4
                0x20001244                v2
                0x20001248                counter
                0x2000124c                BDC6
                0x2000126c                BDC7
                0x2000128c                Pid
                0x200012e0                speed
                0x200012e4                buf1_receive
                0x200012ec                ypos
                0x200012f0                Modn
                0x2000131c                buf2_receive
                0x20001324                manual
                0x20001328                ps4
                0x20001390                wa
                0x20001394                BDC5
                0x200013b4                BDC1
                0x200013d4                v4
                0x200013d8                . = ALIGN (0x4)
                0x200013d8                _ebss = .
                0x200013d8                __bss_end__ = _ebss

._user_heap_stack
                0x200013d8      0x400
                0x200013d8                . = ALIGN (0x4)
                0x200013d8                PROVIDE (end, .)
                [!provide]                PROVIDE (_end, .)
                0x200013d8                . = (. + _Min_Heap_Size)
                0x200017d8                . = (. + _Min_Stack_Size)
 *fill*         0x200013d8      0x400 
                0x200017d8                . = ALIGN (0x4)

.memory_b1_text
 *(.mb1text)
 *(.mb1text*)
 *(.mb1rodata)
 *(.mb1rodata*)

/DISCARD/
 libc.a(*)
 libm.a(*)
 libgcc.a(*)

.ARM.attributes
                0x00000000       0x30
 *(.ARM.attributes)
 .ARM.attributes
                0x00000000       0x22 d:/atollic/truestudio for stm32 9.0.0/armtools/bin/../lib/gcc/arm-atollic-eabi/6.3.1/armv7e-m/fpu/crti.o
 .ARM.attributes
                0x00000022       0x34 d:/atollic/truestudio for stm32 9.0.0/armtools/bin/../lib/gcc/arm-atollic-eabi/6.3.1/armv7e-m/fpu/crtbegin.o
 .ARM.attributes
                0x00000056       0x39 Libraries\STM32F4xx_StdPeriph_Driver\src\misc.o
 .ARM.attributes
                0x0000008f       0x39 Libraries\STM32F4xx_StdPeriph_Driver\src\stm32f4xx_can.o
 .ARM.attributes
                0x000000c8       0x39 Libraries\STM32F4xx_StdPeriph_Driver\src\stm32f4xx_exti.o
 .ARM.attributes
                0x00000101       0x39 Libraries\STM32F4xx_StdPeriph_Driver\src\stm32f4xx_gpio.o
 .ARM.attributes
                0x0000013a       0x39 Libraries\STM32F4xx_StdPeriph_Driver\src\stm32f4xx_i2c.o
 .ARM.attributes
                0x00000173       0x39 Libraries\STM32F4xx_StdPeriph_Driver\src\stm32f4xx_rcc.o
 .ARM.attributes
                0x000001ac       0x39 Libraries\STM32F4xx_StdPeriph_Driver\src\stm32f4xx_tim.o
 .ARM.attributes
                0x000001e5       0x39 Libraries\STM32F4xx_StdPeriph_Driver\src\stm32f4xx_usart.o
 .ARM.attributes
                0x0000021e       0x39 src\BIOS\bdc.o
 .ARM.attributes
                0x00000257       0x39 src\BIOS\gpio.o
 .ARM.attributes
                0x00000290       0x39 src\BIOS\multiplexer.o
 .ARM.attributes
                0x000002c9       0x39 src\BIOS\pwm.o
 .ARM.attributes
                0x00000302       0x39 src\BIOS\qei.o
 .ARM.attributes
                0x0000033b       0x39 src\BIOS\shiftreg.o
 .ARM.attributes
                0x00000374       0x39 src\BIOS\system.o
 .ARM.attributes
                0x000003ad       0x39 src\BIOS\timer.o
 .ARM.attributes
                0x000003e6       0x39 src\BIOS\uart.o
 .ARM.attributes
                0x0000041f       0x39 src\CAN\can.o
 .ARM.attributes
                0x00000458       0x39 src\I2C\i2c.o
 .ARM.attributes
                0x00000491       0x39 src\I2C\i2c1.o
 .ARM.attributes
                0x000004ca       0x39 src\I2C\i2c2.o
 .ARM.attributes
                0x00000503       0x39 src\I2C\i2c3.o
 .ARM.attributes
                0x0000053c       0x39 src\MODN\MODN.o
 .ARM.attributes
                0x00000575       0x39 src\PSx_Interface\PSx_Interface.o
 .ARM.attributes
                0x000005ae       0x39 src\RNS_interface\RNS_interface.o
 .ARM.attributes
                0x000005e7       0x39 src\adapter.o
 .ARM.attributes
                0x00000620       0x39 src\common.o
 .ARM.attributes
                0x00000659       0x39 src\interrupt.o
 .ARM.attributes
                0x00000692       0x39 src\main.o
 .ARM.attributes
                0x000006cb       0x21 src\startup_stm32f40xx.o
 .ARM.attributes
                0x000006ec       0x39 src\system_stm32f4xx.o
 .ARM.attributes
                0x00000725       0x34 d:/atollic/truestudio for stm32 9.0.0/armtools/bin/../lib/gcc/arm-atollic-eabi/6.3.1/../../../../arm-atollic-eabi/lib/armv7e-m/fpu\libc_nano.a(lib_a-init.o)
 .ARM.attributes
                0x00000759       0x34 d:/atollic/truestudio for stm32 9.0.0/armtools/bin/../lib/gcc/arm-atollic-eabi/6.3.1/../../../../arm-atollic-eabi/lib/armv7e-m/fpu\libc_nano.a(lib_a-memcpy-stub.o)
 .ARM.attributes
                0x0000078d       0x22 d:/atollic/truestudio for stm32 9.0.0/armtools/bin/../lib/gcc/arm-atollic-eabi/6.3.1/armv7e-m/fpu\libgcc.a(_arm_addsubdf3.o)
 .ARM.attributes
                0x000007af       0x22 d:/atollic/truestudio for stm32 9.0.0/armtools/bin/../lib/gcc/arm-atollic-eabi/6.3.1/armv7e-m/fpu\libgcc.a(_arm_muldivdf3.o)
 .ARM.attributes
                0x000007d1       0x22 d:/atollic/truestudio for stm32 9.0.0/armtools/bin/../lib/gcc/arm-atollic-eabi/6.3.1/armv7e-m/fpu\libgcc.a(_arm_truncdfsf2.o)
 .ARM.attributes
                0x000007f3       0x22 d:/atollic/truestudio for stm32 9.0.0/armtools/bin/../lib/gcc/arm-atollic-eabi/6.3.1/armv7e-m/fpu/crtn.o
OUTPUT(M-Robot.elf elf32-littlearm)

.debug_info     0x00000000    0x2a910
 .debug_info    0x00000000      0x54d Libraries\STM32F4xx_StdPeriph_Driver\src\misc.o
 .debug_info    0x0000054d      0xbaf Libraries\STM32F4xx_StdPeriph_Driver\src\stm32f4xx_can.o
 .debug_info    0x000010fc      0x366 Libraries\STM32F4xx_StdPeriph_Driver\src\stm32f4xx_exti.o
 .debug_info    0x00001462      0x628 Libraries\STM32F4xx_StdPeriph_Driver\src\stm32f4xx_gpio.o
 .debug_info    0x00001a8a      0xb9e Libraries\STM32F4xx_StdPeriph_Driver\src\stm32f4xx_i2c.o
 .debug_info    0x00002628      0xc98 Libraries\STM32F4xx_StdPeriph_Driver\src\stm32f4xx_rcc.o
 .debug_info    0x000032c0     0x1c74 Libraries\STM32F4xx_StdPeriph_Driver\src\stm32f4xx_tim.o
 .debug_info    0x00004f34      0x9d5 Libraries\STM32F4xx_StdPeriph_Driver\src\stm32f4xx_usart.o
 .debug_info    0x00005909     0x1371 src\BIOS\bdc.o
 .debug_info    0x00006c7a     0x119b src\BIOS\gpio.o
 .debug_info    0x00007e15     0x13c5 src\BIOS\multiplexer.o
 .debug_info    0x000091da     0x13e4 src\BIOS\pwm.o
 .debug_info    0x0000a5be     0x1d61 src\BIOS\qei.o
 .debug_info    0x0000c31f     0x137f src\BIOS\shiftreg.o
 .debug_info    0x0000d69e     0x1687 src\BIOS\system.o
 .debug_info    0x0000ed25     0x15b5 src\BIOS\timer.o
 .debug_info    0x000102da     0x180d src\BIOS\uart.o
 .debug_info    0x00011ae7     0x1b96 src\CAN\can.o
 .debug_info    0x0001367d     0x1bc0 src\I2C\i2c.o
 .debug_info    0x0001523d     0x1bca src\I2C\i2c1.o
 .debug_info    0x00016e07     0x1bca src\I2C\i2c2.o
 .debug_info    0x000189d1     0x1bca src\I2C\i2c3.o
 .debug_info    0x0001a59b      0xaa7 src\MODN\MODN.o
 .debug_info    0x0001b042     0x1a61 src\PSx_Interface\PSx_Interface.o
 .debug_info    0x0001caa3     0x2110 src\RNS_interface\RNS_interface.o
 .debug_info    0x0001ebb3     0x2d0e src\adapter.o
 .debug_info    0x000218c1     0x2e9c src\common.o
 .debug_info    0x0002475d     0x2ca9 src\interrupt.o
 .debug_info    0x00027406     0x2ed3 src\main.o
 .debug_info    0x0002a2d9       0x5a src\startup_stm32f40xx.o
 .debug_info    0x0002a333      0x5dd src\system_stm32f4xx.o

.debug_abbrev   0x00000000     0x4146
 .debug_abbrev  0x00000000      0x172 Libraries\STM32F4xx_StdPeriph_Driver\src\misc.o
 .debug_abbrev  0x00000172      0x206 Libraries\STM32F4xx_StdPeriph_Driver\src\stm32f4xx_can.o
 .debug_abbrev  0x00000378      0x1bc Libraries\STM32F4xx_StdPeriph_Driver\src\stm32f4xx_exti.o
 .debug_abbrev  0x00000534      0x1b8 Libraries\STM32F4xx_StdPeriph_Driver\src\stm32f4xx_gpio.o
 .debug_abbrev  0x000006ec      0x191 Libraries\STM32F4xx_StdPeriph_Driver\src\stm32f4xx_i2c.o
 .debug_abbrev  0x0000087d      0x1f8 Libraries\STM32F4xx_StdPeriph_Driver\src\stm32f4xx_rcc.o
 .debug_abbrev  0x00000a75      0x19a Libraries\STM32F4xx_StdPeriph_Driver\src\stm32f4xx_tim.o
 .debug_abbrev  0x00000c0f      0x182 Libraries\STM32F4xx_StdPeriph_Driver\src\stm32f4xx_usart.o
 .debug_abbrev  0x00000d91      0x23b src\BIOS\bdc.o
 .debug_abbrev  0x00000fcc      0x1e6 src\BIOS\gpio.o
 .debug_abbrev  0x000011b2      0x263 src\BIOS\multiplexer.o
 .debug_abbrev  0x00001415      0x1f5 src\BIOS\pwm.o
 .debug_abbrev  0x0000160a      0x2c5 src\BIOS\qei.o
 .debug_abbrev  0x000018cf      0x227 src\BIOS\shiftreg.o
 .debug_abbrev  0x00001af6      0x28b src\BIOS\system.o
 .debug_abbrev  0x00001d81      0x256 src\BIOS\timer.o
 .debug_abbrev  0x00001fd7      0x25d src\BIOS\uart.o
 .debug_abbrev  0x00002234      0x27d src\CAN\can.o
 .debug_abbrev  0x000024b1      0x2b4 src\I2C\i2c.o
 .debug_abbrev  0x00002765      0x237 src\I2C\i2c1.o
 .debug_abbrev  0x0000299c      0x237 src\I2C\i2c2.o
 .debug_abbrev  0x00002bd3      0x237 src\I2C\i2c3.o
 .debug_abbrev  0x00002e0a      0x1e4 src\MODN\MODN.o
 .debug_abbrev  0x00002fee      0x223 src\PSx_Interface\PSx_Interface.o
 .debug_abbrev  0x00003211      0x2f4 src\RNS_interface\RNS_interface.o
 .debug_abbrev  0x00003505      0x2fb src\adapter.o
 .debug_abbrev  0x00003800      0x2c0 src\common.o
 .debug_abbrev  0x00003ac0      0x281 src\interrupt.o
 .debug_abbrev  0x00003d41      0x29b src\main.o
 .debug_abbrev  0x00003fdc       0x12 src\startup_stm32f40xx.o
 .debug_abbrev  0x00003fee      0x158 src\system_stm32f4xx.o

.debug_aranges  0x00000000      0xe68
 .debug_aranges
                0x00000000       0x40 Libraries\STM32F4xx_StdPeriph_Driver\src\misc.o
 .debug_aranges
                0x00000040       0xe0 Libraries\STM32F4xx_StdPeriph_Driver\src\stm32f4xx_can.o
 .debug_aranges
                0x00000120       0x58 Libraries\STM32F4xx_StdPeriph_Driver\src\stm32f4xx_exti.o
 .debug_aranges
                0x00000178       0x88 Libraries\STM32F4xx_StdPeriph_Driver\src\stm32f4xx_gpio.o
 .debug_aranges
                0x00000200      0x130 Libraries\STM32F4xx_StdPeriph_Driver\src\stm32f4xx_i2c.o
 .debug_aranges
                0x00000330      0x180 Libraries\STM32F4xx_StdPeriph_Driver\src\stm32f4xx_rcc.o
 .debug_aranges
                0x000004b0      0x2f8 Libraries\STM32F4xx_StdPeriph_Driver\src\stm32f4xx_tim.o
 .debug_aranges
                0x000007a8      0x100 Libraries\STM32F4xx_StdPeriph_Driver\src\stm32f4xx_usart.o
 .debug_aranges
                0x000008a8       0x30 src\BIOS\bdc.o
 .debug_aranges
                0x000008d8       0x28 src\BIOS\gpio.o
 .debug_aranges
                0x00000900       0x30 src\BIOS\multiplexer.o
 .debug_aranges
                0x00000930       0x28 src\BIOS\pwm.o
 .debug_aranges
                0x00000958       0x88 src\BIOS\qei.o
 .debug_aranges
                0x000009e0       0x28 src\BIOS\shiftreg.o
 .debug_aranges
                0x00000a08       0x50 src\BIOS\system.o
 .debug_aranges
                0x00000a58       0x38 src\BIOS\timer.o
 .debug_aranges
                0x00000a90       0x60 src\BIOS\uart.o
 .debug_aranges
                0x00000af0       0x30 src\CAN\can.o
 .debug_aranges
                0x00000b20       0x58 src\I2C\i2c.o
 .debug_aranges
                0x00000b78       0x30 src\I2C\i2c1.o
 .debug_aranges
                0x00000ba8       0x30 src\I2C\i2c2.o
 .debug_aranges
                0x00000bd8       0x30 src\I2C\i2c3.o
 .debug_aranges
                0x00000c08       0x38 src\MODN\MODN.o
 .debug_aranges
                0x00000c40       0x38 src\PSx_Interface\PSx_Interface.o
 .debug_aranges
                0x00000c78       0x70 src\RNS_interface\RNS_interface.o
 .debug_aranges
                0x00000ce8       0x48 src\adapter.o
 .debug_aranges
                0x00000d30       0x38 src\common.o
 .debug_aranges
                0x00000d68       0x80 src\interrupt.o
 .debug_aranges
                0x00000de8       0x28 src\main.o
 .debug_aranges
                0x00000e10       0x28 src\startup_stm32f40xx.o
 .debug_aranges
                0x00000e38       0x30 src\system_stm32f4xx.o

.debug_ranges   0x00000000      0xc80
 .debug_ranges  0x00000000       0x30 Libraries\STM32F4xx_StdPeriph_Driver\src\misc.o
 .debug_ranges  0x00000030       0xd0 Libraries\STM32F4xx_StdPeriph_Driver\src\stm32f4xx_can.o
 .debug_ranges  0x00000100       0x48 Libraries\STM32F4xx_StdPeriph_Driver\src\stm32f4xx_exti.o
 .debug_ranges  0x00000148       0x78 Libraries\STM32F4xx_StdPeriph_Driver\src\stm32f4xx_gpio.o
 .debug_ranges  0x000001c0      0x120 Libraries\STM32F4xx_StdPeriph_Driver\src\stm32f4xx_i2c.o
 .debug_ranges  0x000002e0      0x170 Libraries\STM32F4xx_StdPeriph_Driver\src\stm32f4xx_rcc.o
 .debug_ranges  0x00000450      0x2e8 Libraries\STM32F4xx_StdPeriph_Driver\src\stm32f4xx_tim.o
 .debug_ranges  0x00000738       0xf0 Libraries\STM32F4xx_StdPeriph_Driver\src\stm32f4xx_usart.o
 .debug_ranges  0x00000828       0x20 src\BIOS\bdc.o
 .debug_ranges  0x00000848       0x18 src\BIOS\gpio.o
 .debug_ranges  0x00000860       0x20 src\BIOS\multiplexer.o
 .debug_ranges  0x00000880       0x18 src\BIOS\pwm.o
 .debug_ranges  0x00000898       0x78 src\BIOS\qei.o
 .debug_ranges  0x00000910       0x18 src\BIOS\shiftreg.o
 .debug_ranges  0x00000928       0x40 src\BIOS\system.o
 .debug_ranges  0x00000968       0x28 src\BIOS\timer.o
 .debug_ranges  0x00000990       0x50 src\BIOS\uart.o
 .debug_ranges  0x000009e0       0x20 src\CAN\can.o
 .debug_ranges  0x00000a00       0x48 src\I2C\i2c.o
 .debug_ranges  0x00000a48       0x20 src\I2C\i2c1.o
 .debug_ranges  0x00000a68       0x20 src\I2C\i2c2.o
 .debug_ranges  0x00000a88       0x20 src\I2C\i2c3.o
 .debug_ranges  0x00000aa8       0x28 src\MODN\MODN.o
 .debug_ranges  0x00000ad0       0x28 src\PSx_Interface\PSx_Interface.o
 .debug_ranges  0x00000af8       0x60 src\RNS_interface\RNS_interface.o
 .debug_ranges  0x00000b58       0x38 src\adapter.o
 .debug_ranges  0x00000b90       0x28 src\common.o
 .debug_ranges  0x00000bb8       0x70 src\interrupt.o
 .debug_ranges  0x00000c28       0x18 src\main.o
 .debug_ranges  0x00000c40       0x20 src\startup_stm32f40xx.o
 .debug_ranges  0x00000c60       0x20 src\system_stm32f4xx.o

.debug_line     0x00000000     0x9113
 .debug_line    0x00000000      0x22b Libraries\STM32F4xx_StdPeriph_Driver\src\misc.o
 .debug_line    0x0000022b      0x552 Libraries\STM32F4xx_StdPeriph_Driver\src\stm32f4xx_can.o
 .debug_line    0x0000077d      0x28e Libraries\STM32F4xx_StdPeriph_Driver\src\stm32f4xx_exti.o
 .debug_line    0x00000a0b      0x34d Libraries\STM32F4xx_StdPeriph_Driver\src\stm32f4xx_gpio.o
 .debug_line    0x00000d58      0x503 Libraries\STM32F4xx_StdPeriph_Driver\src\stm32f4xx_i2c.o
 .debug_line    0x0000125b      0x5a5 Libraries\STM32F4xx_StdPeriph_Driver\src\stm32f4xx_rcc.o
 .debug_line    0x00001800      0xaae Libraries\STM32F4xx_StdPeriph_Driver\src\stm32f4xx_tim.o
 .debug_line    0x000022ae      0x4b7 Libraries\STM32F4xx_StdPeriph_Driver\src\stm32f4xx_usart.o
 .debug_line    0x00002765      0x3c4 src\BIOS\bdc.o
 .debug_line    0x00002b29      0x383 src\BIOS\gpio.o
 .debug_line    0x00002eac      0x3d6 src\BIOS\multiplexer.o
 .debug_line    0x00003282      0x7bf src\BIOS\pwm.o
 .debug_line    0x00003a41      0x938 src\BIOS\qei.o
 .debug_line    0x00004379      0x398 src\BIOS\shiftreg.o
 .debug_line    0x00004711      0x3d6 src\BIOS\system.o
 .debug_line    0x00004ae7      0x487 src\BIOS\timer.o
 .debug_line    0x00004f6e      0x85a src\BIOS\uart.o
 .debug_line    0x000057c8      0x56a src\CAN\can.o
 .debug_line    0x00005d32      0x519 src\I2C\i2c.o
 .debug_line    0x0000624b      0x437 src\I2C\i2c1.o
 .debug_line    0x00006682      0x439 src\I2C\i2c2.o
 .debug_line    0x00006abb      0x43d src\I2C\i2c3.o
 .debug_line    0x00006ef8      0x1d5 src\MODN\MODN.o
 .debug_line    0x000070cd      0x444 src\PSx_Interface\PSx_Interface.o
 .debug_line    0x00007511      0x53b src\RNS_interface\RNS_interface.o
 .debug_line    0x00007a4c      0x54f src\adapter.o
 .debug_line    0x00007f9b      0x500 src\common.o
 .debug_line    0x0000849b      0x580 src\interrupt.o
 .debug_line    0x00008a1b      0x48f src\main.o
 .debug_line    0x00008eaa       0x7a src\startup_stm32f40xx.o
 .debug_line    0x00008f24      0x1ef src\system_stm32f4xx.o

.debug_str      0x00000000     0x5377
 .debug_str     0x00000000      0x3e9 Libraries\STM32F4xx_StdPeriph_Driver\src\misc.o
                                0x436 (size before relaxing)
 .debug_str     0x000003e9      0x512 Libraries\STM32F4xx_StdPeriph_Driver\src\stm32f4xx_can.o
                                0x7a6 (size before relaxing)
 .debug_str     0x000008fb      0x1cd Libraries\STM32F4xx_StdPeriph_Driver\src\stm32f4xx_exti.o
                                0x3c1 (size before relaxing)
 .debug_str     0x00000ac8      0x315 Libraries\STM32F4xx_StdPeriph_Driver\src\stm32f4xx_gpio.o
                                0x50b (size before relaxing)
 .debug_str     0x00000ddd      0x493 Libraries\STM32F4xx_StdPeriph_Driver\src\stm32f4xx_i2c.o
                                0x71a (size before relaxing)
 .debug_str     0x00001270      0x5da Libraries\STM32F4xx_StdPeriph_Driver\src\stm32f4xx_rcc.o
                                0x8e1 (size before relaxing)
 .debug_str     0x0000184a      0xb5e Libraries\STM32F4xx_StdPeriph_Driver\src\stm32f4xx_tim.o
                                0xe38 (size before relaxing)
 .debug_str     0x000023a8      0x42a Libraries\STM32F4xx_StdPeriph_Driver\src\stm32f4xx_usart.o
                                0x6f7 (size before relaxing)
 .debug_str     0x000027d2      0x7b5 src\BIOS\bdc.o
                               0x1074 (size before relaxing)
 .debug_str     0x00002f87       0x2d src\BIOS\gpio.o
                                0xf83 (size before relaxing)
 .debug_str     0x00002fb4       0xa6 src\BIOS\multiplexer.o
                               0x103c (size before relaxing)
 .debug_str     0x0000305a       0xb9 src\BIOS\pwm.o
                               0x1108 (size before relaxing)
 .debug_str     0x00003113      0x85a src\BIOS\qei.o
                               0x18db (size before relaxing)
 .debug_str     0x0000396d       0xca src\BIOS\shiftreg.o
                               0x106e (size before relaxing)
 .debug_str     0x00003a37       0x94 src\BIOS\system.o
                               0x158a (size before relaxing)
 .debug_str     0x00003acb       0x7b src\BIOS\timer.o
                               0x15b3 (size before relaxing)
 .debug_str     0x00003b46       0xb1 src\BIOS\uart.o
                               0x15a5 (size before relaxing)
 .debug_str     0x00003bf7      0x263 src\CAN\can.o
                               0x1a24 (size before relaxing)
 .debug_str     0x00003e5a      0x482 src\I2C\i2c.o
                               0x17cc (size before relaxing)
 .debug_str     0x000042dc       0x4b src\I2C\i2c1.o
                               0x1c5a (size before relaxing)
 .debug_str     0x00004327       0x41 src\I2C\i2c2.o
                               0x1c5a (size before relaxing)
 .debug_str     0x00004368       0x41 src\I2C\i2c3.o
                               0x1c5a (size before relaxing)
 .debug_str     0x000043a9      0x115 src\MODN\MODN.o
                                0x6bc (size before relaxing)
 .debug_str     0x000044be       0xf5 src\PSx_Interface\PSx_Interface.o
                               0x17ad (size before relaxing)
 .debug_str     0x000045b3      0x8ef src\RNS_interface\RNS_interface.o
                               0x1d6e (size before relaxing)
 .debug_str     0x00004ea2      0x1ce src\adapter.o
                               0x1f5c (size before relaxing)
 .debug_str     0x00005070      0x11a src\common.o
                               0x249b (size before relaxing)
 .debug_str     0x0000518a      0x137 src\interrupt.o
                               0x1f04 (size before relaxing)
 .debug_str     0x000052c1       0x27 src\main.o
                               0x1ea6 (size before relaxing)
 .debug_str     0x000052e8       0x8f src\system_stm32f4xx.o
                                0x3ea (size before relaxing)

.comment        0x00000000       0x7c
 .comment       0x00000000       0x7c Libraries\STM32F4xx_StdPeriph_Driver\src\misc.o
                                 0x7d (size before relaxing)
 .comment       0x0000007c       0x7d Libraries\STM32F4xx_StdPeriph_Driver\src\stm32f4xx_can.o
 .comment       0x0000007c       0x7d Libraries\STM32F4xx_StdPeriph_Driver\src\stm32f4xx_exti.o
 .comment       0x0000007c       0x7d Libraries\STM32F4xx_StdPeriph_Driver\src\stm32f4xx_gpio.o
 .comment       0x0000007c       0x7d Libraries\STM32F4xx_StdPeriph_Driver\src\stm32f4xx_i2c.o
 .comment       0x0000007c       0x7d Libraries\STM32F4xx_StdPeriph_Driver\src\stm32f4xx_rcc.o
 .comment       0x0000007c       0x7d Libraries\STM32F4xx_StdPeriph_Driver\src\stm32f4xx_tim.o
 .comment       0x0000007c       0x7d Libraries\STM32F4xx_StdPeriph_Driver\src\stm32f4xx_usart.o
 .comment       0x0000007c       0x7d src\BIOS\bdc.o
 .comment       0x0000007c       0x7d src\BIOS\gpio.o
 .comment       0x0000007c       0x7d src\BIOS\multiplexer.o
 .comment       0x0000007c       0x7d src\BIOS\pwm.o
 .comment       0x0000007c       0x7d src\BIOS\qei.o
 .comment       0x0000007c       0x7d src\BIOS\shiftreg.o
 .comment       0x0000007c       0x7d src\BIOS\system.o
 .comment       0x0000007c       0x7d src\BIOS\timer.o
 .comment       0x0000007c       0x7d src\BIOS\uart.o
 .comment       0x0000007c       0x7d src\CAN\can.o
 .comment       0x0000007c       0x7d src\I2C\i2c.o
 .comment       0x0000007c       0x7d src\I2C\i2c1.o
 .comment       0x0000007c       0x7d src\I2C\i2c2.o
 .comment       0x0000007c       0x7d src\I2C\i2c3.o
 .comment       0x0000007c       0x7d src\MODN\MODN.o
 .comment       0x0000007c       0x7d src\PSx_Interface\PSx_Interface.o
 .comment       0x0000007c       0x7d src\RNS_interface\RNS_interface.o
 .comment       0x0000007c       0x7d src\adapter.o
 .comment       0x0000007c       0x7d src\common.o
 .comment       0x0000007c       0x7d src\interrupt.o
 .comment       0x0000007c       0x7d src\main.o
 .comment       0x0000007c       0x7d src\system_stm32f4xx.o

.debug_frame    0x00000000     0x3a98
 .debug_frame   0x00000000       0xd8 Libraries\STM32F4xx_StdPeriph_Driver\src\misc.o
 .debug_frame   0x000000d8      0x3f0 Libraries\STM32F4xx_StdPeriph_Driver\src\stm32f4xx_can.o
 .debug_frame   0x000004c8      0x148 Libraries\STM32F4xx_StdPeriph_Driver\src\stm32f4xx_exti.o
 .debug_frame   0x00000610      0x23c Libraries\STM32F4xx_StdPeriph_Driver\src\stm32f4xx_gpio.o
 .debug_frame   0x0000084c      0x580 Libraries\STM32F4xx_StdPeriph_Driver\src\stm32f4xx_i2c.o
 .debug_frame   0x00000dcc      0x6fc Libraries\STM32F4xx_StdPeriph_Driver\src\stm32f4xx_rcc.o
 .debug_frame   0x000014c8      0xe54 Libraries\STM32F4xx_StdPeriph_Driver\src\stm32f4xx_tim.o
 .debug_frame   0x0000231c      0x490 Libraries\STM32F4xx_StdPeriph_Driver\src\stm32f4xx_usart.o
 .debug_frame   0x000027ac       0x90 src\BIOS\bdc.o
 .debug_frame   0x0000283c       0x50 src\BIOS\gpio.o
 .debug_frame   0x0000288c       0x80 src\BIOS\multiplexer.o
 .debug_frame   0x0000290c       0x5c src\BIOS\pwm.o
 .debug_frame   0x00002968      0x244 src\BIOS\qei.o
 .debug_frame   0x00002bac       0x5c src\BIOS\shiftreg.o
 .debug_frame   0x00002c08      0x108 src\BIOS\system.o
 .debug_frame   0x00002d10       0xa0 src\BIOS\timer.o
 .debug_frame   0x00002db0      0x16c src\BIOS\uart.o
 .debug_frame   0x00002f1c       0x80 src\CAN\can.o
 .debug_frame   0x00002f9c      0x15c src\I2C\i2c.o
 .debug_frame   0x000030f8       0x70 src\I2C\i2c1.o
 .debug_frame   0x00003168       0x70 src\I2C\i2c2.o
 .debug_frame   0x000031d8       0x70 src\I2C\i2c3.o
 .debug_frame   0x00003248       0xb8 src\MODN\MODN.o
 .debug_frame   0x00003300       0xac src\PSx_Interface\PSx_Interface.o
 .debug_frame   0x000033ac      0x1c4 src\RNS_interface\RNS_interface.o
 .debug_frame   0x00003570       0xd8 src\adapter.o
 .debug_frame   0x00003648       0x98 src\common.o
 .debug_frame   0x000036e0      0x17c src\interrupt.o
 .debug_frame   0x0000385c       0x4c src\main.o
 .debug_frame   0x000038a8       0x7c src\system_stm32f4xx.o
 .debug_frame   0x00003924       0x2c d:/atollic/truestudio for stm32 9.0.0/armtools/bin/../lib/gcc/arm-atollic-eabi/6.3.1/../../../../arm-atollic-eabi/lib/armv7e-m/fpu\libc_nano.a(lib_a-init.o)
 .debug_frame   0x00003950       0x28 d:/atollic/truestudio for stm32 9.0.0/armtools/bin/../lib/gcc/arm-atollic-eabi/6.3.1/../../../../arm-atollic-eabi/lib/armv7e-m/fpu\libc_nano.a(lib_a-memcpy-stub.o)
 .debug_frame   0x00003978       0xac d:/atollic/truestudio for stm32 9.0.0/armtools/bin/../lib/gcc/arm-atollic-eabi/6.3.1/armv7e-m/fpu\libgcc.a(_arm_addsubdf3.o)
 .debug_frame   0x00003a24       0x50 d:/atollic/truestudio for stm32 9.0.0/armtools/bin/../lib/gcc/arm-atollic-eabi/6.3.1/armv7e-m/fpu\libgcc.a(_arm_muldivdf3.o)
 .debug_frame   0x00003a74       0x24 d:/atollic/truestudio for stm32 9.0.0/armtools/bin/../lib/gcc/arm-atollic-eabi/6.3.1/armv7e-m/fpu\libgcc.a(_arm_truncdfsf2.o)

Cross Reference Table

Symbol                                            File
ABT                                               src\PIDABT\ABT\ABT.o
ABTEstimateInit                                   src\PIDABT\ABT\ABT.o
ABTInit                                           src\PIDABT\ABT\ABT.o
ADC_AnalogWatchdogCmd                             Libraries\STM32F4xx_StdPeriph_Driver\src\stm32f4xx_adc.o
ADC_AnalogWatchdogSingleChannelConfig             Libraries\STM32F4xx_StdPeriph_Driver\src\stm32f4xx_adc.o
ADC_AnalogWatchdogThresholdsConfig                Libraries\STM32F4xx_StdPeriph_Driver\src\stm32f4xx_adc.o
ADC_AutoInjectedConvCmd                           Libraries\STM32F4xx_StdPeriph_Driver\src\stm32f4xx_adc.o
ADC_ClearFlag                                     Libraries\STM32F4xx_StdPeriph_Driver\src\stm32f4xx_adc.o
ADC_ClearITPendingBit                             Libraries\STM32F4xx_StdPeriph_Driver\src\stm32f4xx_adc.o
ADC_Cmd                                           Libraries\STM32F4xx_StdPeriph_Driver\src\stm32f4xx_adc.o
ADC_CommonInit                                    Libraries\STM32F4xx_StdPeriph_Driver\src\stm32f4xx_adc.o
ADC_CommonStructInit                              Libraries\STM32F4xx_StdPeriph_Driver\src\stm32f4xx_adc.o
ADC_ContinuousModeCmd                             Libraries\STM32F4xx_StdPeriph_Driver\src\stm32f4xx_adc.o
ADC_DMACmd                                        Libraries\STM32F4xx_StdPeriph_Driver\src\stm32f4xx_adc.o
ADC_DMARequestAfterLastTransferCmd                Libraries\STM32F4xx_StdPeriph_Driver\src\stm32f4xx_adc.o
ADC_DeInit                                        Libraries\STM32F4xx_StdPeriph_Driver\src\stm32f4xx_adc.o
ADC_DiscModeChannelCountConfig                    Libraries\STM32F4xx_StdPeriph_Driver\src\stm32f4xx_adc.o
ADC_DiscModeCmd                                   Libraries\STM32F4xx_StdPeriph_Driver\src\stm32f4xx_adc.o
ADC_EOCOnEachRegularChannelCmd                    Libraries\STM32F4xx_StdPeriph_Driver\src\stm32f4xx_adc.o
ADC_ExternalTrigInjectedConvConfig                Libraries\STM32F4xx_StdPeriph_Driver\src\stm32f4xx_adc.o
ADC_ExternalTrigInjectedConvEdgeConfig            Libraries\STM32F4xx_StdPeriph_Driver\src\stm32f4xx_adc.o
ADC_GetConversionValue                            Libraries\STM32F4xx_StdPeriph_Driver\src\stm32f4xx_adc.o
ADC_GetFlagStatus                                 Libraries\STM32F4xx_StdPeriph_Driver\src\stm32f4xx_adc.o
ADC_GetITStatus                                   Libraries\STM32F4xx_StdPeriph_Driver\src\stm32f4xx_adc.o
ADC_GetInjectedConversionValue                    Libraries\STM32F4xx_StdPeriph_Driver\src\stm32f4xx_adc.o
ADC_GetMultiModeConversionValue                   Libraries\STM32F4xx_StdPeriph_Driver\src\stm32f4xx_adc.o
ADC_GetSoftwareStartConvStatus                    Libraries\STM32F4xx_StdPeriph_Driver\src\stm32f4xx_adc.o
ADC_GetSoftwareStartInjectedConvCmdStatus         Libraries\STM32F4xx_StdPeriph_Driver\src\stm32f4xx_adc.o
ADC_IRQHandler                                    src\startup_stm32f40xx.o
ADC_ITConfig                                      Libraries\STM32F4xx_StdPeriph_Driver\src\stm32f4xx_adc.o
ADC_Init                                          Libraries\STM32F4xx_StdPeriph_Driver\src\stm32f4xx_adc.o
ADC_InjectedChannelConfig                         Libraries\STM32F4xx_StdPeriph_Driver\src\stm32f4xx_adc.o
ADC_InjectedDiscModeCmd                           Libraries\STM32F4xx_StdPeriph_Driver\src\stm32f4xx_adc.o
ADC_InjectedSequencerLengthConfig                 Libraries\STM32F4xx_StdPeriph_Driver\src\stm32f4xx_adc.o
ADC_MultiModeDMARequestAfterLastTransferCmd       Libraries\STM32F4xx_StdPeriph_Driver\src\stm32f4xx_adc.o
ADC_RegularChannelConfig                          Libraries\STM32F4xx_StdPeriph_Driver\src\stm32f4xx_adc.o
ADC_SetInjectedOffset                             Libraries\STM32F4xx_StdPeriph_Driver\src\stm32f4xx_adc.o
ADC_SoftwareStartConv                             Libraries\STM32F4xx_StdPeriph_Driver\src\stm32f4xx_adc.o
ADC_SoftwareStartInjectedConv                     Libraries\STM32F4xx_StdPeriph_Driver\src\stm32f4xx_adc.o
ADC_StructInit                                    Libraries\STM32F4xx_StdPeriph_Driver\src\stm32f4xx_adc.o
ADC_TempSensorVrefintCmd                          Libraries\STM32F4xx_StdPeriph_Driver\src\stm32f4xx_adc.o
ADC_VBATCmd                                       Libraries\STM32F4xx_StdPeriph_Driver\src\stm32f4xx_adc.o
AHBPrescTable                                     src\system_stm32f4xx.o
BDC1                                              src\main.o
                                                  src\interrupt.o
                                                  src\common.o
                                                  src\adapter.o
BDC2                                              src\main.o
                                                  src\interrupt.o
                                                  src\common.o
                                                  src\adapter.o
BDC3                                              src\main.o
                                                  src\interrupt.o
                                                  src\common.o
                                                  src\adapter.o
BDC4                                              src\main.o
                                                  src\interrupt.o
                                                  src\common.o
                                                  src\adapter.o
BDC5                                              src\main.o
                                                  src\interrupt.o
                                                  src\common.o
                                                  src\adapter.o
BDC6                                              src\main.o
                                                  src\interrupt.o
                                                  src\common.o
                                                  src\adapter.o
BDC7                                              src\main.o
                                                  src\interrupt.o
                                                  src\common.o
                                                  src\adapter.o
BDC8                                              src\main.o
                                                  src\interrupt.o
                                                  src\common.o
                                                  src\adapter.o
BDCInit                                           src\BIOS\bdc.o
                                                  src\adapter.o
BIOSDelay                                         src\BIOS\system.o
                                                  src\common.o
BIOSDelayLoop                                     src\BIOS\system.o
BIOSFPUEnable                                     src\BIOS\system.o
BIOSInit                                          src\BIOS\system.o
                                                  src\adapter.o
BIOSTIMx_Delay100us                               src\BIOS\timer.o
BIOSTIMx_Delayms                                  src\BIOS\timer.o
BIOSTIMx_Delayus                                  src\BIOS\timer.o
BIOSTIMx_Init                                     src\BIOS\timer.o
                                                  src\main.o
BIOSTimingDelay                                   src\main.o
                                                  src\interrupt.o
                                                  src\common.o
                                                  src\adapter.o
                                                  src\RNS_interface\RNS_interface.o
                                                  src\PSx_Interface\PSx_Interface.o
                                                  src\PIDABT\PID\PID.o
                                                  src\PIDABT\ABT\ABT.o
                                                  src\I2C\i2c3.o
                                                  src\I2C\i2c2.o
                                                  src\I2C\i2c1.o
                                                  src\I2C\i2c.o
                                                  src\CAN\can.o
                                                  src\BIOS\utils.o
                                                  src\BIOS\uartdma.o
                                                  src\BIOS\uart.o
                                                  src\BIOS\timer.o
                                                  src\BIOS\system.o
                                                  src\BIOS\shiftreg.o
                                                  src\BIOS\qei.o
                                                  src\BIOS\pwm.o
                                                  src\BIOS\multiplexer.o
                                                  src\BIOS\gpio.o
                                                  src\BIOS\bdc.o
BIOSTimingDelay_Decrement                         src\BIOS\system.o
                                                  src\interrupt.o
BIOS_DMA_InitStructure                            src\main.o
                                                  src\interrupt.o
                                                  src\common.o
                                                  src\adapter.o
                                                  src\RNS_interface\RNS_interface.o
                                                  src\PSx_Interface\PSx_Interface.o
                                                  src\PIDABT\PID\PID.o
                                                  src\PIDABT\ABT\ABT.o
                                                  src\I2C\i2c3.o
                                                  src\I2C\i2c2.o
                                                  src\I2C\i2c1.o
                                                  src\I2C\i2c.o
                                                  src\CAN\can.o
                                                  src\BIOS\utils.o
                                                  src\BIOS\uartdma.o
                                                  src\BIOS\uart.o
                                                  src\BIOS\timer.o
                                                  src\BIOS\system.o
                                                  src\BIOS\shiftreg.o
                                                  src\BIOS\qei.o
                                                  src\BIOS\pwm.o
                                                  src\BIOS\multiplexer.o
                                                  src\BIOS\gpio.o
                                                  src\BIOS\bdc.o
BIOS_EXTI_InitStructure                           src\main.o
                                                  src\interrupt.o
                                                  src\common.o
                                                  src\adapter.o
                                                  src\RNS_interface\RNS_interface.o
                                                  src\PSx_Interface\PSx_Interface.o
                                                  src\PIDABT\PID\PID.o
                                                  src\PIDABT\ABT\ABT.o
                                                  src\I2C\i2c3.o
                                                  src\I2C\i2c2.o
                                                  src\I2C\i2c1.o
                                                  src\I2C\i2c.o
                                                  src\CAN\can.o
                                                  src\BIOS\utils.o
                                                  src\BIOS\uartdma.o
                                                  src\BIOS\uart.o
                                                  src\BIOS\timer.o
                                                  src\BIOS\system.o
                                                  src\BIOS\shiftreg.o
                                                  src\BIOS\qei.o
                                                  src\BIOS\pwm.o
                                                  src\BIOS\multiplexer.o
                                                  src\BIOS\gpio.o
                                                  src\BIOS\bdc.o
BIOS_GPIO_InitStructure                           src\main.o
                                                  src\interrupt.o
                                                  src\common.o
                                                  src\adapter.o
                                                  src\RNS_interface\RNS_interface.o
                                                  src\PSx_Interface\PSx_Interface.o
                                                  src\PIDABT\PID\PID.o
                                                  src\PIDABT\ABT\ABT.o
                                                  src\I2C\i2c3.o
                                                  src\I2C\i2c2.o
                                                  src\I2C\i2c1.o
                                                  src\I2C\i2c.o
                                                  src\CAN\can.o
                                                  src\BIOS\utils.o
                                                  src\BIOS\uartdma.o
                                                  src\BIOS\uart.o
                                                  src\BIOS\timer.o
                                                  src\BIOS\system.o
                                                  src\BIOS\shiftreg.o
                                                  src\BIOS\qei.o
                                                  src\BIOS\pwm.o
                                                  src\BIOS\multiplexer.o
                                                  src\BIOS\gpio.o
                                                  src\BIOS\bdc.o
BIOS_NVIC_InitStructure                           src\main.o
                                                  src\interrupt.o
                                                  src\common.o
                                                  src\adapter.o
                                                  src\RNS_interface\RNS_interface.o
                                                  src\PSx_Interface\PSx_Interface.o
                                                  src\PIDABT\PID\PID.o
                                                  src\PIDABT\ABT\ABT.o
                                                  src\I2C\i2c3.o
                                                  src\I2C\i2c2.o
                                                  src\I2C\i2c1.o
                                                  src\I2C\i2c.o
                                                  src\CAN\can.o
                                                  src\BIOS\utils.o
                                                  src\BIOS\uartdma.o
                                                  src\BIOS\uart.o
                                                  src\BIOS\timer.o
                                                  src\BIOS\system.o
                                                  src\BIOS\shiftreg.o
                                                  src\BIOS\qei.o
                                                  src\BIOS\pwm.o
                                                  src\BIOS\multiplexer.o
                                                  src\BIOS\gpio.o
                                                  src\BIOS\bdc.o
BIOS_QEI1                                         src\BIOS\qei.o
                                                  src\interrupt.o
BIOS_QEI1_NVIC_InitStructure                      src\main.o
                                                  src\interrupt.o
                                                  src\common.o
                                                  src\adapter.o
                                                  src\RNS_interface\RNS_interface.o
                                                  src\PSx_Interface\PSx_Interface.o
                                                  src\PIDABT\PID\PID.o
                                                  src\PIDABT\ABT\ABT.o
                                                  src\I2C\i2c3.o
                                                  src\I2C\i2c2.o
                                                  src\I2C\i2c1.o
                                                  src\I2C\i2c.o
                                                  src\CAN\can.o
                                                  src\BIOS\qei.o
BIOS_QEI1_TIM_TimeBaseStructure                   src\main.o
                                                  src\interrupt.o
                                                  src\common.o
                                                  src\adapter.o
                                                  src\RNS_interface\RNS_interface.o
                                                  src\PSx_Interface\PSx_Interface.o
                                                  src\PIDABT\PID\PID.o
                                                  src\PIDABT\ABT\ABT.o
                                                  src\I2C\i2c3.o
                                                  src\I2C\i2c2.o
                                                  src\I2C\i2c1.o
                                                  src\I2C\i2c.o
                                                  src\CAN\can.o
                                                  src\BIOS\qei.o
BIOS_QEI2                                         src\BIOS\qei.o
BIOS_QEI2_NVIC_InitStructure                      src\main.o
                                                  src\interrupt.o
                                                  src\common.o
                                                  src\adapter.o
                                                  src\RNS_interface\RNS_interface.o
                                                  src\PSx_Interface\PSx_Interface.o
                                                  src\PIDABT\PID\PID.o
                                                  src\PIDABT\ABT\ABT.o
                                                  src\I2C\i2c3.o
                                                  src\I2C\i2c2.o
                                                  src\I2C\i2c1.o
                                                  src\I2C\i2c.o
                                                  src\CAN\can.o
                                                  src\BIOS\qei.o
BIOS_QEI2_TIM_TimeBaseStructure                   src\main.o
                                                  src\interrupt.o
                                                  src\common.o
                                                  src\adapter.o
                                                  src\RNS_interface\RNS_interface.o
                                                  src\PSx_Interface\PSx_Interface.o
                                                  src\PIDABT\PID\PID.o
                                                  src\PIDABT\ABT\ABT.o
                                                  src\I2C\i2c3.o
                                                  src\I2C\i2c2.o
                                                  src\I2C\i2c1.o
                                                  src\I2C\i2c.o
                                                  src\CAN\can.o
                                                  src\BIOS\qei.o
BIOS_QEI3                                         src\BIOS\qei.o
BIOS_QEI3_NVIC_InitStructure                      src\main.o
                                                  src\interrupt.o
                                                  src\common.o
                                                  src\adapter.o
                                                  src\RNS_interface\RNS_interface.o
                                                  src\PSx_Interface\PSx_Interface.o
                                                  src\PIDABT\PID\PID.o
                                                  src\PIDABT\ABT\ABT.o
                                                  src\I2C\i2c3.o
                                                  src\I2C\i2c2.o
                                                  src\I2C\i2c1.o
                                                  src\I2C\i2c.o
                                                  src\CAN\can.o
                                                  src\BIOS\qei.o
BIOS_QEI3_TIM_TimeBaseStructure                   src\main.o
                                                  src\interrupt.o
                                                  src\common.o
                                                  src\adapter.o
                                                  src\RNS_interface\RNS_interface.o
                                                  src\PSx_Interface\PSx_Interface.o
                                                  src\PIDABT\PID\PID.o
                                                  src\PIDABT\ABT\ABT.o
                                                  src\I2C\i2c3.o
                                                  src\I2C\i2c2.o
                                                  src\I2C\i2c1.o
                                                  src\I2C\i2c.o
                                                  src\CAN\can.o
                                                  src\BIOS\qei.o
BIOS_QEI4                                         src\BIOS\qei.o
                                                  src\interrupt.o
BIOS_QEI4_NVIC_InitStructure                      src\main.o
                                                  src\interrupt.o
                                                  src\common.o
                                                  src\adapter.o
                                                  src\RNS_interface\RNS_interface.o
                                                  src\PSx_Interface\PSx_Interface.o
                                                  src\PIDABT\PID\PID.o
                                                  src\PIDABT\ABT\ABT.o
                                                  src\I2C\i2c3.o
                                                  src\I2C\i2c2.o
                                                  src\I2C\i2c1.o
                                                  src\I2C\i2c.o
                                                  src\CAN\can.o
                                                  src\BIOS\qei.o
BIOS_QEI4_TIM_TimeBaseStructure                   src\main.o
                                                  src\interrupt.o
                                                  src\common.o
                                                  src\adapter.o
                                                  src\RNS_interface\RNS_interface.o
                                                  src\PSx_Interface\PSx_Interface.o
                                                  src\PIDABT\PID\PID.o
                                                  src\PIDABT\ABT\ABT.o
                                                  src\I2C\i2c3.o
                                                  src\I2C\i2c2.o
                                                  src\I2C\i2c1.o
                                                  src\I2C\i2c.o
                                                  src\CAN\can.o
                                                  src\BIOS\qei.o
BIOS_QEI5                                         src\BIOS\qei.o
BIOS_QEI5_NVIC_InitStructure                      src\main.o
                                                  src\interrupt.o
                                                  src\common.o
                                                  src\adapter.o
                                                  src\RNS_interface\RNS_interface.o
                                                  src\PSx_Interface\PSx_Interface.o
                                                  src\PIDABT\PID\PID.o
                                                  src\PIDABT\ABT\ABT.o
                                                  src\I2C\i2c3.o
                                                  src\I2C\i2c2.o
                                                  src\I2C\i2c1.o
                                                  src\I2C\i2c.o
                                                  src\CAN\can.o
                                                  src\BIOS\qei.o